
[ OCT 4,82 ]
 8:40:12 #3(CTMKTG1) LOGIN 1125:66 TID=1200
 8:40:13 #3(CTMKTG1) NEXIT (SYS)LOGINN
 8:40:13 #3(CTMKTG1) RUN (SYS)OPER LIC=775617,,0
 8:40:18 #3(CTMKTG1) NEXIT (SYS)OPER
 8:40:22 #3(CTMKTG1) RUN (SYS)OPER LIC=775617,,0
 8:40:30 #3(CTMKTG1) SETLIC (SYS)OPER LIC=775617,,10
 8:40:30 #3(CTMKTG1) NEXIT (SYS)OPER
 8:40:36 #3(CTMKTG1) RUN (SYS)INFO LIC=10,,10
 8:40:38 #3(CTMKTG1) RUN (MONDOC)INFO LIC=10,,10
 8:46:06 #3(CTMKTG1) NEXIT (MONDOC)INFO
 8:46:07 #3(CTMKTG1) RUN (SYS)LOGOUT LIC=547010,,10
 8:46:08 #3(CTMKTG1) LOGOUT
[ OCT 8,82 ]
 5:25:13 #1(CTMKTG1) LOGIN 1125:10 TID=1200
 5:25:14 #1(CTMKTG1) NEXIT (SYS)LOGINN
 5:25:21 #1(CTMKTG1) RUN (SYS)OPER LIC=775617,,0
 5:25:25 #1(CTMKTG1) SETLIC (SYS)OPER LIC=775617,,10
 5:25:25 #1(CTMKTG1) NEXIT (SYS)OPER
 5:25:28 #1(CTMKTG1) RUN (SYS)INFO LIC=10,,10
 5:25:31 #1(CTMKTG1) RUN (MONDOC)INFO LIC=10,,10
 5:27:00 #1(CTMKTG1) NEXIT (MONDOC)INFO
 5:27:04 #1(CTMKTG1) RUN (SYS)RPG LIC=2010,,10
 5:27:05 #1(CTMKTG1) RUN (SYS)DIRIT LIC=10,,10
 5:27:06 #1(CTMKTG1) NEXIT (SYS)DIRIT
 5:27:21 #1(CTMKTG1) RUN (SYS)RPG LIC=2010,,10
 5:27:21 #1(CTMKTG1) RUN (SYS)DIRIT LIC=10,,10
 5:27:22 #1(CTMKTG1) PUTLSA (SYS)MPL LIC=0,,0
 5:27:23 #1(CTMKTG1) NEXIT (SYS)DIRIT
 5:27:45 #1(CTMKTG1) RUN (SYS)RPG LIC=2010,,10
 5:27:45 #1(CTMKTG1) RUN (SYS)LISTER LIC=12,,10
 5:28:02 #1(CTMKTG1) NEXIT (SYS)LISTER
 5:28:09 #1(CTMKTG1) RUN (SYS)RPG LIC=2010,,10
 5:28:10 #1(CTMKTG1) RUN (SYS)DIRIT LIC=10,,10
 5:28:10 #1(CTMKTG1) PUTLSA (SYS)MPL LIC=0,,0
 5:28:11 #1(CTMKTG1) NEXIT (SYS)DIRIT
 5:28:21 #1(CTMKTG1) RUN (SYS)RPG LIC=2010,,10
 5:28:21 #1(CTMKTG1) RUN (SYS)LISTER LIC=12,,10
 5:28:22 #1(CTMKTG1) NEXIT (SYS)LISTER
 5:28:32 #1(CTMKTG1) RUN (SYS)TELECO LIC=10,,10
 5:41:33 #1(CTMKTG1) NEXIT (SYS)TELECO
 5:41:46 #1(CTMKTG1) RUN (SYS)RPG LIC=2010,,10
 5:41:47 #1(CTMKTG1) RUN (SYS)LISTER LIC=12,,10
 5:43:15 #1(CTMKTG1) RUN (SYS)TIO LIC=10,,10
 5:43:19 #1(CTMKTG1) NEXIT (SYS)TIO
 5:43:24 #1(CTMKTG1) RUN (SYS)RPG LIC=2010,,10
 5:43:25 #1(CTMKTG1) RUN (SYS)DIRIT LIC=10,,10
 5:43:25 #1(CTMKTG1) NEXIT (SYS)DIRIT
 5:43:47 #1(CTMKTG1) RUN (SYS)RPG LIC=2010,,10
 5:43:47 #1(CTMKTG1) RUN (SYS)LISTER LIC=12,,10
 5:45:15 #1(CTMKTG1) NEXIT (SYS)LISTER
 6:51:47 #1(CTMKTG1) RUN (SYS)LOGOUT LIC=547010,,10
 6:51:48 #1(CTMKTG1) LOGOUT
[ OCT 9,82 ]
 7:06:32 #1(CTMKTG1) LOGIN 1125:67 TID=1200
 7:06:33 #1(CTMKTG1) NEXIT (SYS)LOGINN
 7:06:36 #1(CTMKTG1) RUN (SYS)OPER LIC=775617,,0
 7:06:40 #1(CTMKTG1) SETLIC (SYS)OPER LIC=775617,,10
 7:06:40 #1(CTMKTG1) NEXIT (SYS)OPER
 7:06:43 #1(CTMKTG1) RUN (SYS)INFO LIC=10,,10
 7:06:45 #1(CTMKTG1) RUN (MONDOC)INFO LIC=10,,10
 7:08:07 #1(CTMKTG1) NEXIT (MONDOC)INFO
 7:08:16 #1(CTMKTG1) RUN (SYS)SYSTAT LIC=402010,,10
 7:08:16 #1(CTMKTG1) SETNAM SYSNO
 7:08:26 #1(CTMKTG1) RUN (SYS)RPG LIC=2010,,10
 7:08:27 #1(CTMKTG1) RUN (SYS)EDITOR LIC=10,,10
 7:08:28 #1(CTMKTG1) NEXIT (SYS)EDITOR
 7:08:34 #1(CTMKTG1) RUN (SYS)RPG LIC=2010,,10
 7:08:34 #1(CTMKTG1) RUN (SYS)EDITOR LIC=10,,10
 7:11:14 #1(CTMKTG1) NEXIT (SYS)EDITOR
 7:11:19 #1(CTMKTG1) RUN (SYS)RPG LIC=2010,,10
 7:11:19 #1(CTMKTG1) NEXIT (SYS)RPG
 7:11:25 #1(CTMKTG1) RUN (SYS)RPG LIC=2010,,10
 7:11:26 #1(CTMKTG1) RUN (SYS)DIRIT LIC=10,,10
 7:11:26 #1(CTMKTG1) PUTLSA (SYS)MATOKA LIC=0,,0
 7:11:26 #1(CTMKTG1) NEXIT (SYS)DIRIT
 7:11:41 #1(CTMKTG1) RUN (SYS)RPG LIC=2010,,10
 7:11:42 #1(CTMKTG1) RUN (SYS)LISTER LIC=12,,10
 7:11:42 #1(CTMKTG1) NEXIT (SYS)LISTER
 7:12:01 #1(CTMKTG1) RUN (SYS)LOGOUT LIC=547010,,10
 7:12:01 #1(CTMKTG1) LOGOUT
[ OCT 11,82 ]
 4:45:46 #3(CTMKTG7) LOGIN 1125:41 TID=1200
 4:45:47 #3(CTMKTG7) NEXIT (SYS)LOGINN
 4:45:54 #3(CTMKTG7) RUN (SYS)OPER LIC=775617,,0
 4:45:59 #3(CTMKTG7) NEXIT (SYS)OPER
 4:46:02 #3(CTMKTG7) RUN (SYS)OPER LIC=775617,,0
 4:46:10 #3(CTMKTG7) SETLIC (SYS)OPER LIC=775617,,10
 4:46:10 #3(CTMKTG7) NEXIT (SYS)OPER
 4:46:20 #3(CTMKTG7) RUN (SYS)RPG LIC=2010,,10
 4:46:20 #3(CTMKTG7) NEXIT (SYS)RPG
 4:46:33 #3(CTMKTG7) RUN (SYS)RPG LIC=2010,,10
 4:46:33 #3(CTMKTG7) RUN (SYS)DIRIT LIC=10,,10
 4:46:33 #3(CTMKTG7) NEXIT (SYS)DIRIT
 4:46:45 #3(CTMKTG7) RUN (SYS)RPG LIC=2010,,10
 4:46:45 #3(CTMKTG7) RUN (SYS)DIRIT LIC=10,,10
 4:46:46 #3(CTMKTG7) PUTLSA (SYS)*6NEWS LIC=0,,0
 4:46:46 #3(CTMKTG7) NEXIT (SYS)DIRIT
 4:46:52 #3(CTMKTG7) RUN (SYS)RPG LIC=2010,,10
 4:46:52 #3(CTMKTG7) RUN (SYS)DIRIT LIC=10,,10
 4:46:53 #3(CTMKTG7) PUTLSA (SYS)SYS LIC=0,,0
 4:46:54 #3(CTMKTG7) NEXIT (SYS)DIRIT
 4:47:00 #3(CTMKTG7) RUN (SYS)FNDFIL LIC=10,,10
 4:48:32 #3(CTMKTG7) EXIT (SYS)FNDFIL
 4:52:24 #3(CTMKTG7) RUN (SYS)RPG LIC=2010,,10
 4:52:24 #3(CTMKTG7) RUN (SYS)LISTER LIC=12,,10
 4:52:59 #3(CTMKTG7) RUN (SYS)RPG LIC=2010,,10
 4:53:00 #3(CTMKTG7) RUN (SYS)LISTER LIC=12,,10
 4:53:00 #3(CTMKTG7) NEXIT (SYS)LISTER
 4:53:31 #3(CTMKTG7) RUN (SYS)RPG LIC=2010,,10
 4:53:31 #3(CTMKTG7) RUN (SYS)LISTER LIC=12,,10
 4:53:32 #3(CTMKTG7) NEXIT (SYS)LISTER
 4:54:18 #3(CTMKTG7) RUN (SYS)RPG LIC=2010,,10
 4:54:18 #3(CTMKTG7) RUN (SYS)LISTER LIC=12,,10
 4:54:59 #3(CTMKTG7) RUN (SYS)RPG LIC=2010,,10
 4:55:00 #3(CTMKTG7) RUN (SYS)LISTER LIC=12,,10
 4:55:29 #3(CTMKTG7) RUN (SYS)RPG LIC=2010,,10
 4:55:29 #3(CTMKTG7) RUN (SYS)LISTER LIC=12,,10
 4:58:28 #3(CTMKTG7) NEXIT (SYS)LISTER
 5:01:51 #3(CTMKTG7) RUN (SYS)TIO LIC=10,,10
 5:02:19 #3(CTMKTG7) NEXIT (SYS)TIO
 5:03:12 #3(CTMKTG7) RUN (SYS)RPG LIC=2010,,10
 5:03:12 #3(CTMKTG7) RUN (SYS)LISTER LIC=12,,10
 5:03:48 #3(CTMKTG7) NEXIT (SYS)LISTER
 5:04:31 #3(CTMKTG7) RUN (SYS)RPG LIC=2010,,10
 5:04:32 #3(CTMKTG7) RUN (SYS)LISTER LIC=12,,10
 5:05:22 #3(CTMKTG7) NEXIT (SYS)LISTER
 5:06:11 #3(CTMKTG7) RUN (SYS)TELECO LIC=10,,10
 5:07:29 #3(CTMKTG7) NEXIT (SYS)TELECO
 5:07:35 #3(CTMKTG7) RUN (SYS)PEAK LIC=10,,10
 5:07:38 #3(CTMKTG7) RUN (DWS)PEAK LIC=10,,10
 5:08:30 #3(CTMKTG7) NEXIT (DWS)PEAK
 5:08:50 #3(CTMKTG7) RUN (SYS)RPG LIC=2010,,10
 5:08:50 #3(CTMKTG7) RUN (SYS)DIRIT LIC=10,,10
 5:08:50 #3(CTMKTG7) PUTLSA (SYS)SYS LIC=0,,0
 5:08:52 #3(CTMKTG7) NEXIT (SYS)DIRIT
 5:09:18 #3(CTMKTG7) RUN (SYS)RPG LIC=2010,,10
 5:09:19 #3(CTMKTG7) RUN (SYS)DIRIT LIC=10,,10
 5:09:19 #3(CTMKTG7) PUTLSA (SYS)WRS LIC=0,,0
 5:09:21 #3(CTMKTG7) NEXIT (SYS)DIRIT
 5:09:46 #3(CTMKTG7) RUN (SYS)RPG LIC=2010,,10
 5:09:47 #3(CTMKTG7) RUN (SYS)DIRIT LIC=10,,10
 5:09:47 #3(CTMKTG7) PUTLSA (SYS)DWS LIC=0,,0
 5:09:48 #3(CTMKTG7) NEXIT (SYS)DIRIT
 5:10:01 #3(CTMKTG7) RUN (DWS)PEAK LIC=10,,10
 5:10:12 #3(CTMKTG7) NEXIT (DWS)PEAK
 5:10:19 #3(CTMKTG7) RUN (SYS)TELECO LIC=10,,10
 5:50:08 #3(CTMKTG7) NEXIT (SYS)TELECO
 5:50:11 #3(CTMKTG7) RUN (SYS)LOGOUT LIC=547010,,10
 5:50:12 #3(CTMKTG7) LOGOUT
 7:12:40 #3(CTMKTG7) LOGIN 647:164 TID=AUX
 7:12:40 #3(CTMKTG7) NEXIT (SYS)LOGINN
 7:12:47 #3(CTMKTG7) RUN (SYS)LOGOUT LIC=547000,,0
 7:12:47 #3(CTMKTG7) LOGOUT
 7:15:33 #3(CTMKTG7) LOGIN 647:125 TID=AUX
 7:15:33 #5(CTMKTG7) LOGIN 647:137 TID=AUX
 7:15:34 #3(CTMKTG7) PJC=PROJCODE,VFY=0
 7:15:34 #3(CTMKTG7) NEXIT (SYS)LOGINN
 7:15:34 #5(CTMKTG7) PJC=PROJCODE,VFY=0
 7:15:34 #5(CTMKTG7) NEXIT (SYS)LOGINN
 7:17:25 #5(CTMKTG7) RUN (SYS)LOGOUT LIC=547000,,0
 7:17:25 #5(CTMKTG7) LOGOUT
 7:17:57 #3(CTMKTG7) RUN (SYS)LOGOUT LIC=547000,,0
 7:17:57 #3(CTMKTG7) LOGOUT
 7:39:37 #6(CTMKTG7) LOGIN 213:32 TID=AUX
 7:39:38 #7(CTMKTG7) LOGIN 213:31 TID=AUX
 7:39:38 #6(CTMKTG7) PJC=PROJCODE,VFY=0
 7:39:38 #6(CTMKTG7) NEXIT (SYS)LOGINN
 7:39:38 #7(CTMKTG7) PJC=PROJCODE,VFY=0
 7:39:38 #7(CTMKTG7) NEXIT (SYS)LOGINN
 7:39:38 #5(CTMKTG7) LOGIN 213:34 TID=AUX
 7:39:39 #5(CTMKTG7) PJC=PROJCODE,VFY=0
 7:39:39 #5(CTMKTG7) NEXIT (SYS)LOGINN
 7:40:23 #7(CTMKTG7) RUN (SYS)LOGOUT LIC=547000,,0
 7:40:23 #7(CTMKTG7) LOGOUT
 7:40:49 #6(CTMKTG7) RUN (SYS)LOGOUT LIC=547000,,0
 7:40:49 #5(CTMKTG7) RUN (SYS)LOGOUT LIC=547000,,0
 7:40:49 #6(CTMKTG7) LOGOUT
 7:40:50 #5(CTMKTG7) LOGOUT
 8:11:51 #6(CTMKTG7) LOGIN 213:31 TID=AUX
 8:11:52 #6(CTMKTG7) PJC=PROJCODE,VFY=0
 8:11:52 #6(CTMKTG7) NEXIT (SYS)LOGINN
 8:11:52 #5(CTMKTG7) LOGIN 213:32 TID=AUX
 8:11:53 #5(CTMKTG7) PJC=PROJCODE,VFY=0
 8:11:53 #5(CTMKTG7) NEXIT (SYS)LOGINN
 8:14:10 #6(CTMKTG7) RUN (SYS)LOGOUT LIC=547000,,0
 8:14:10 #6(CTMKTG7) LOGOUT
 8:14:40 #5(CTMKTG7) RUN (SYS)LOGOUT LIC=547000,,0
 8:14:40 #5(CTMKTG7) LOGOUT
 8:15:56 #5(CTMKTG7) LOGIN 213:32 TID=AUX
 8:15:56 #5(CTMKTG7) PJC=PROJCODE,VFY=0
 8:15:56 #5(CTMKTG7) NEXIT (SYS)LOGINN
 8:16:12 #5(CTMKTG7) RUN (SYS)LOGOUT LIC=547000,,0
 8:16:13 #5(CTMKTG7) LOGOUT
 9:02:26 #7(CTMKTG7) LOGIN 205:12 TID=AUX
 9:02:26 #7(CTMKTG7) PJC=PROJCODE,VFY=0
 9:02:26 #7(CTMKTG7) NEXIT (SYS)LOGINN
 9:02:26 #7(CTMKTG7) RUN (SYS)LOGOUT LIC=547000,,0
 9:02:27 #7(CTMKTG7) LOGOUT
 9:03:11 #5(CTMKTG7) LOGIN 213:31 TID=AUX
 9:03:11 #5(CTMKTG7) PJC=PROJCODE,VFY=0
 9:03:11 #5(CTMKTG7) NEXIT (SYS)LOGINN
 9:03:12 #5(CTMKTG7) RUN (SYS)LOGOUT LIC=547000,,0
 9:03:12 #5(CTMKTG7) LOGOUT
 9:04:11 #7(CTMKTG7) LOGIN 213:31 TID=AUX
 9:04:12 #7(CTMKTG7) PJC=PROJCODE,VFY=0
 9:04:12 #7(CTMKTG7) NEXIT (SYS)LOGINN
 9:04:12 #7(CTMKTG7) RUN (SYS)LOGOUT LIC=547000,,0
 9:04:12 #7(CTMKTG7) LOGOUT
 9:05:31 #3(CTMKTG7) LOGIN 213:32 TID=AUX
 9:05:31 #3(CTMKTG7) PJC=PROJCODE,VFY=0
 9:05:31 #3(CTMKTG7) NEXIT (SYS)LOGINN
 9:05:32 #3(CTMKTG7) RUN (SYS)LOGOUT LIC=547000,,0
 9:05:32 #3(CTMKTG7) LOGOUT
 9:05:41 #5(CTMKTG7) LOGIN 213:31 TID=AUX
 9:05:41 #5(CTMKTG7) PJC=PROJCODE,VFY=0
 9:05:41 #5(CTMKTG7) NEXIT (SYS)LOGINN
 9:05:42 #5(CTMKTG7) RUN (SYS)LOGOUT LIC=547000,,0
 9:05:42 #5(CTMKTG7) LOGOUT
 9:21:25 #5(CTMKTG7) LOGIN 647:164 TID=AUX
 9:21:26 #5(CTMKTG7) PJC=PROJCODE,VFY=0
 9:21:26 #5(CTMKTG7) NEXIT (SYS)LOGINN
 9:39:15 #3(CTMKTG7) LOGIN 647:162 TID=AUX
 9:39:16 #3(CTMKTG7) PJC=PROJCODE,VFY=0
 9:39:16 #3(CTMKTG7) NEXIT (SYS)LOGINN
 9:39:36 #5(CTMKTG7) RUN (SYS)LOGOUT LIC=547000,,0
 9:39:36 #5(CTMKTG7) LOGOUT
 9:40:03 #3(CTMKTG7) RUN (SYS)LOGOUT LIC=547000,,0
 9:40:03 #3(CTMKTG7) LOGOUT
[ OCT 19,82 ]
 8:54:52 #7(CTMKTG7) LOGIN 1125:111 TID=A
 8:54:53 #7(CTMKTG7) NEXIT (SYS)LOGINN
 8:55:04 #7(CTMKTG7) RUN (SYS)OPER LIC=775617,,0
 8:55:18 #7(CTMKTG7) SETLIC (SYS)OPER LIC=775617,,10
 8:55:18 #7(CTMKTG7) NEXIT (SYS)OPER
 8:55:28 #7(CTMKTG7) RUN (SYS)RPG LIC=2010,,10
 8:55:29 #7(CTMKTG7) RUN (SYS)DIRIT LIC=10,,10
 8:55:29 #7(CTMKTG7) PUTLSA (SYS)SPL LIC=0,,0
 8:55:29 #7(CTMKTG7) NEXIT (SYS)DIRIT
 8:55:39 #7(CTMKTG7) RUN (SYS)RPG LIC=2010,,10
 8:55:40 #7(CTMKTG7) RUN (SYS)DIRIT LIC=10,,10
 8:55:40 #7(CTMKTG7) PUTLSA (SYS)MPL LIC=0,,0
 8:55:41 #7(CTMKTG7) NEXIT (SYS)DIRIT
 8:55:52 #7(CTMKTG7) RUN (SYS)RPG LIC=2010,,10
 8:55:52 #7(CTMKTG7) NEXIT (SYS)RPG
 8:56:00 #7(CTMKTG7) RUN (SYS)RPG LIC=2010,,10
 8:56:01 #7(CTMKTG7) RUN (SYS)DIRIT LIC=10,,10
 8:56:01 #7(CTMKTG7) PUTLSA (SYS)OSP LIC=0,,0
 8:56:02 #7(CTMKTG7) NEXIT (SYS)DIRIT
 8:56:10 #7(CTMKTG7) RUN (SYS)RPG LIC=2010,,10
 8:56:11 #7(CTMKTG7) RUN (SYS)DIRIT LIC=10,,10
 8:56:11 #7(CTMKTG7) PUTLSA (SYS)OSP LIC=0,,0
 8:56:42 #7(CTMKTG7) RUN (SYS)LOGOUT LIC=547010,,10
 8:56:42 #7(CTMKTG7) LOGOUT
[ OCT 20,82 ]
 9:08:05 #8(CTMKTG7) LOGIN 213:26 TID=AUX
 9:08:06 #8(CTMKTG7) PJC=PROJCODE,VFY=0
 9:08:06 #8(CTMKTG7) NEXIT (SYS)LOGINN
 9:08:06 #9(CTMKTG7) LOGIN 213:25 TID=AUX
 9:08:07 #9(CTMKTG7) PJC=PROJCODE,VFY=0
 9:08:07 #9(CTMKTG7) NEXIT (SYS)LOGINN
 9:08:28 #8(CTMKTG7) RUN (SYS)LOGOUT LIC=547000,,0
 9:08:28 #8(CTMKTG7) LOGOUT
 9:08:29 #9(CTMKTG7) RUN (SYS)LOGOUT LIC=547000,,0
 9:08:29 #9(CTMKTG7) LOGOUT
 9:13:47 #2(CTMKTG7) LOGIN 213:26 TID=AUX
 9:13:47 #2(CTMKTG7) PJC=PROJCODE,VFY=0
 9:13:47 #2(CTMKTG7) NEXIT (SYS)LOGINN
 9:13:47 #6(CTMKTG7) LOGIN 213:25 TID=AUX
 9:13:47 #6(CTMKTG7) PJC=PROJCODE,VFY=0
 9:13:47 #6(CTMKTG7) NEXIT (SYS)LOGINN
 9:14:08 #2(CTMKTG7) RUN (SYS)LOGOUT LIC=547000,,0
 9:14:08 #2(CTMKTG7) LOGOUT
 9:14:09 #6(CTMKTG7) RUN (SYS)LOGOUT LIC=547000,,0
 9:14:09 #6(CTMKTG7) LOGOUT
 9:22:47 #2(CTMKTG7) LOGIN 647:156 TID=AUX
 9:22:48 #2(CTMKTG7) NEXIT (SYS)LOGINN
 9:22:54 #2(CTMKTG7) RUN (SYS)LOGOUT LIC=547000,,0
 9:22:54 #2(CTMKTG7) LOGOUT
 9:23:38 #2(CTMKTG7) LOGIN 647:160 TID=AUX
 9:23:39 #2(CTMKTG7) NEXIT (SYS)LOGINN
 9:23:40 #2(CTMKTG7) RUN (SYS)AUXMOX
 9:23:55 #2(CTMKTG7) RUN (SYS)LOGOUT LIC=547000,,0
 9:23:56 #2(CTMKTG7) LOGOUT
10:17:21 #6(CTMKTG7) LOGIN 213:26 TID=AUX
10:17:22 #6(CTMKTG7) PJC=PROJCODE,VFY=0
10:17:22 #6(CTMKTG7) NEXIT (SYS)LOGINN
10:17:23 #7(CTMKTG7) LOGIN 213:25 TID=AUX
10:17:23 #7(CTMKTG7) PJC=PROJCODE,VFY=0
10:17:23 #7(CTMKTG7) NEXIT (SYS)LOGINN
10:17:46 #6(CTMKTG7) RUN (SYS)LOGOUT LIC=547000,,0
10:17:46 #6(CTMKTG7) LOGOUT
10:17:48 #7(CTMKTG7) RUN (SYS)LOGOUT LIC=547000,,0
10:17:48 #7(CTMKTG7) LOGOUT
10:18:25 #7(CTMKTG7) LOGIN 213:25 TID=AUX
10:18:25 #7(CTMKTG7) PJC=PROJCODE,VFY=0
10:18:25 #7(CTMKTG7) NEXIT (SYS)LOGINN
10:18:26 #6(CTMKTG7) LOGIN 213:26 TID=AUX
10:18:26 #6(CTMKTG7) PJC=PROJCODE,VFY=0
10:18:26 #6(CTMKTG7) NEXIT (SYS)LOGINN
10:18:51 #6(CTMKTG7) RUN (SYS)LOGOUT LIC=547000,,0
10:18:51 #6(CTMKTG7) LOGOUT
10:18:56 #7(CTMKTG7) RUN (SYS)LOGOUT LIC=547000,,0
10:18:56 #7(CTMKTG7) LOGOUT
10:19:19 #1(CTMKTG7) LOGIN 647:154 TID=AUX
10:19:19 #1(CTMKTG7) NEXIT (SYS)LOGINN
10:19:20 #1(CTMKTG7) RUN (SYS)AUXMOX
10:19:28 #6(CTMKTG7) LOGIN 213:26 TID=AUX
10:19:28 #6(CTMKTG7) PJC=PROJCODE,VFY=0
10:19:28 #6(CTMKTG7) NEXIT (SYS)LOGINN
10:19:29 #7(CTMKTG7) LOGIN 213:25 TID=AUX
10:19:29 #7(CTMKTG7) PJC=PROJCODE,VFY=0
10:19:29 #7(CTMKTG7) NEXIT (SYS)LOGINN
10:19:52 #6(CTMKTG7) RUN (SYS)LOGOUT LIC=547000,,0
10:19:52 #6(CTMKTG7) LOGOUT
10:19:55 #7(CTMKTG7) RUN (SYS)LOGOUT LIC=547000,,0
10:19:55 #7(CTMKTG7) LOGOUT
10:20:34 #6(CTMKTG7) LOGIN 213:26 TID=AUX
10:20:34 #6(CTMKTG7) PJC=PROJCODE,VFY=0
10:20:34 #6(CTMKTG7) NEXIT (SYS)LOGINN
10:20:35 #7(CTMKTG7) LOGIN 213:25 TID=AUX
10:20:35 #7(CTMKTG7) PJC=PROJCODE,VFY=0
10:20:35 #7(CTMKTG7) NEXIT (SYS)LOGINN
10:21:00 #6(CTMKTG7) RUN (SYS)LOGOUT LIC=547000,,0
10:21:00 #6(CTMKTG7) LOGOUT
10:21:04 #7(CTMKTG7) RUN (SYS)LOGOUT LIC=547000,,0
10:21:05 #7(CTMKTG7) LOGOUT
10:21:10 #1(CTMKTG7) NEXIT (SYS)AUXMOX
10:21:23 #1(CTMKTG7) RUN (SYS)SYSTAT LIC=402000,,0
10:21:24 #1(CTMKTG7) SETNAM SYSNO
10:21:38 #6(CTMKTG7) LOGIN 213:26 TID=AUX
10:21:38 #6(CTMKTG7) PJC=PROJCODE,VFY=0
10:21:38 #6(CTMKTG7) NEXIT (SYS)LOGINN
10:21:39 #7(CTMKTG7) LOGIN 213:25 TID=AUX
10:21:39 #7(CTMKTG7) PJC=PROJCODE,VFY=0
10:21:39 #7(CTMKTG7) NEXIT (SYS)LOGINN
10:22:02 #6(CTMKTG7) RUN (SYS)LOGOUT LIC=547000,,0
10:22:03 #6(CTMKTG7) LOGOUT
10:22:04 #7(CTMKTG7) RUN (SYS)LOGOUT LIC=547000,,0
10:22:04 #7(CTMKTG7) LOGOUT
10:22:40 #6(CTMKTG7) LOGIN 213:26 TID=AUX
10:22:40 #6(CTMKTG7) PJC=PROJCODE,VFY=0
10:22:40 #6(CTMKTG7) NEXIT (SYS)LOGINN
10:22:41 #7(CTMKTG7) LOGIN 213:25 TID=AUX
10:22:42 #7(CTMKTG7) PJC=PROJCODE,VFY=0
10:22:42 #7(CTMKTG7) NEXIT (SYS)LOGINN
10:23:04 #6(CTMKTG7) RUN (SYS)LOGOUT LIC=547000,,0
10:23:05 #6(CTMKTG7) LOGOUT
10:23:06 #7(CTMKTG7) RUN (SYS)LOGOUT LIC=547000,,0
10:23:06 #7(CTMKTG7) LOGOUT
10:23:41 #5(CTMKTG7) LOGIN 213:26 TID=AUX
10:23:42 #5(CTMKTG7) PJC=PROJCODE,VFY=0
10:23:42 #5(CTMKTG7) NEXIT (SYS)LOGINN
10:23:42 #6(CTMKTG7) LOGIN 213:25 TID=AUX
10:23:43 #6(CTMKTG7) PJC=PROJCODE,VFY=0
10:23:43 #6(CTMKTG7) NEXIT (SYS)LOGINN
10:24:08 #5(CTMKTG7) RUN (SYS)LOGOUT LIC=547000,,0
10:24:08 #5(CTMKTG7) LOGOUT
10:24:09 #6(CTMKTG7) RUN (SYS)LOGOUT LIC=547000,,0
10:24:09 #6(CTMKTG7) LOGOUT
10:24:46 #5(CTMKTG7) LOGIN 213:26 TID=AUX
10:24:46 #5(CTMKTG7) PJC=PROJCODE,VFY=0
10:24:46 #5(CTMKTG7) NEXIT (SYS)LOGINN
10:24:47 #6(CTMKTG7) LOGIN 213:25 TID=AUX
10:24:48 #6(CTMKTG7) PJC=PROJCODE,VFY=0
10:24:48 #6(CTMKTG7) NEXIT (SYS)LOGINN
10:25:10 #5(CTMKTG7) RUN (SYS)LOGOUT LIC=547000,,0
10:25:10 #5(CTMKTG7) LOGOUT
10:25:12 #6(CTMKTG7) RUN (SYS)LOGOUT LIC=547000,,0
10:25:13 #6(CTMKTG7) LOGOUT
10:26:14 #1(CTMKTG7) RUN (SYS)SYSTAT LIC=402000,,0
10:26:15 #1(CTMKTG7) SETNAM SYSNO
10:31:39 #5(CTMKTG7) LOGIN 1125:111 TID=A
10:31:40 #5(CTMKTG7) NEXIT (SYS)LOGINN
10:31:49 #5(CTMKTG7) RUN (SYS)CKSUM
10:31:58 #5(CTMKTG7) NEXIT (SYS)CKSUM
10:32:03 #5(CTMKTG7) RUN (SYS)RPG LIC=2000,,0
10:32:03 #5(CTMKTG7) RUN (SYS)LISTER LIC=12,,0
10:32:16 #5(CTMKTG7) RUN (SYS)RPG LIC=2000,,0
10:32:17 #5(CTMKTG7) RUN (SYS)DIRIT
10:32:17 #5(CTMKTG7) NEXIT (SYS)DIRIT
10:32:31 #5(CTMKTG7) RUN (SYS)RPG LIC=2000,,0
10:32:31 #5(CTMKTG7) RUN (SYS)DIRIT
10:32:31 #5(CTMKTG7) NEXIT (SYS)DIRIT
10:32:36 #5(CTMKTG7) RUN (SYS)LOGOUT LIC=547000,,0
10:32:36 #5(CTMKTG7) LOGOUT
10:32:52 #1(CTMKTG7) RUN (SYS)LOGOUT LIC=547000,,0
10:32:52 #1(CTMKTG7) LOGOUT
[ OCT 21,82 ]
 4:05:38 #7(CTMKTG7) LOGIN 647:157 TID=AUX
 4:05:38 #7(CTMKTG7) NEXIT (SYS)LOGINN
 4:05:39 #7(CTMKTG7) RUN (SYS)AUXMOX
 4:07:26 #7(CTMKTG7) RUN (SYS)LOGOUT LIC=547000,,0
 4:07:27 #7(CTMKTG7) LOGOUT
[ OCT 22,82 ]
 2:21:39 #3(CTMKTG7) LOGIN 1125:111 TID=A
 2:21:40 #3(CTMKTG7) NEXIT (SYS)LOGINN
 2:21:49 #3(CTMKTG7) RUN (CTMKTG7)BOSS
 2:22:01 #3(CTMKTG7) RUN (SYS)LOGOUT LIC=547000,,0
 2:22:01 #3(CTMKTG7) LOGOUT
[ OCT 28,82 ]
 3:59:37 #1(CTMKTG1) LOGIN 1125:26 TID=1200
 3:59:38 #1(CTMKTG1) NEXIT (SYS)LOGINN
 3:59:42 #1(CTMKTG1) RUN (SYS)OPER LIC=775617,,0
 3:59:46 #1(CTMKTG1) SETLIC (SYS)OPER LIC=775617,,10
 3:59:46 #1(CTMKTG1) NEXIT (SYS)OPER
 3:59:51 #1(CTMKTG1) RUN (SYS)SYSTAT LIC=402010,,10
 3:59:52 #1(CTMKTG1) SETNAM WHO
 4:00:00 #1(CTMKTG1) RUN (SYS)RPG LIC=2010,,10
 4:00:01 #1(CTMKTG1) RUN (SYS)DIRIT LIC=10,,10
 4:00:01 #1(CTMKTG1) PUTLSA (SYS)SSINST LIC=0,,0
 4:00:06 #1(CTMKTG1) NEXIT (SYS)DIRIT
 4:00:33 #1(CTMKTG1) RUN (SYS)RPG LIC=2010,,10
 4:00:34 #1(CTMKTG1) RUN (SYS)DIRIT LIC=10,,10
 4:00:34 #1(CTMKTG1) PUTLSA (SYS)SSINST LIC=0,,0
 4:00:49 #1(CTMKTG1) RUN (SYS)RPG LIC=2010,,10
 4:00:49 #1(CTMKTG1) RUN (SYS)LISTER LIC=12,,10
 4:01:09 #1(CTMKTG1) RUN (SYS)PCOM LIC=640010,,10
 4:01:09 #1(CTMKTG1) NEXIT (SYS)PCOM
 4:01:25 #1(CTMKTG1) RUN (SYS)RPG LIC=2010,,10
 4:01:26 #1(CTMKTG1) RUN (SYS)DIRIT LIC=10,,10
 4:01:26 #1(CTMKTG1) PUTLSA (SYS)UPL LIC=0,,0
 4:01:42 #1(CTMKTG1) RUN (SYS)RPG LIC=2010,,10
 4:01:43 #1(CTMKTG1) RUN (SYS)LISTER LIC=12,,10
 4:02:38 #1(CTMKTG1) NEXIT (SYS)LISTER
 4:05:44 #1(CTMKTG1) RUN (SYS)INFO LIC=10,,10
 4:05:47 #1(CTMKTG1) RUN (MONDOC)INFO LIC=10,,10
 4:05:58 #1(CTMKTG1) NEXIT (MONDOC)INFO
 4:06:02 #1(CTMKTG1) RUN (SYS)INFO LIC=10,,10
 4:06:04 #1(CTMKTG1) RUN (MONDOC)INFO LIC=10,,10
 4:08:58 #1(CTMKTG1) NEXIT (MONDOC)INFO
 4:09:11 #1(CTMKTG1) RUN (SYS)RPG LIC=2010,,10
 4:09:12 #1(CTMKTG1)(SYS)EDITOR LIC=10,,10
 4:11:30 #1(CTMKTG1) NEXIT (SYS)EDITOR
 4:14:06 #1(CTMKTG1) RUN (SYS)LOGOUT LIC=547010,,10
 4:14:07 #1(CTMKTG1) LOGOUT
[ NOV 6,82 ]
 5:24:57 #3(CTMKTG1) LOGIN 1125:111 TID=A
 5:24:57 #3(CTMKTG1) NEXIT (SYS)LOGINN
 5:24:59 #3(CTMKTG1) RUN (SYS)OPER LIC=775617,,0
 5:25:05 #3(CTMKTG1) SETLIC (SYS)OPER LIC=775617,,10
 5:25:05 #3(CTMKTG1) NEXIT (SYS)OPER
 5:25:08 #3(CTMKTG1) RUN (SYS)INFO LIC=10,,10
 5:25:11 #3(CTMKTG1) RUN (MONDOC)INFO LIC=10,,10
 5:26:02 #3(CTMKTG1) NEXIT (MONDOC)INFO
 5:26:06 #3(CTMKTG1) RUN (SYS)SYSTAT LIC=402010,,10
 5:26:07 #3(CTMKTG1) SETNAM WHO
 5:56:55 #3(CTMKTG1) RUN (SYS)LOGOUT LIC=547010,,10
 5:56:56 #3(CTMKTG1) LOGOUT
[ NOV 14,82 ]
 8:26:45 #1(CTMKTG1) LOGIN 625:35 TID=A
 8:26:45 #1(CTMKTG1) NEXIT (SYS)LOGINN
 8:26:51 #1(CTMKTG1) RUN (SYS)SYSTAT LIC=402000,,0
 8:26:51 #1(CTMKTG1) SETNAM WHO
 8:26:56 #1(CTMKTG1) RUN (SYS)LOGOUT LIC=547000,,0
 8:26:57 #1(CTMKTG1) LOGOUT
 8:27:13 #1(CTMKTG1) LOGIN 625:35 TID=A
 8:27:13 #1(CTMKTG1) NEXIT (SYS)LOGINN
 8:27:30 #1(CTMKTG1) RUN (SYS)OPER LIC=775617,,0
 8:27:34 #1(CTMKTG1) SETLIC (SYS)OPER LIC=775617,,10
 8:27:34 #1(CTMKTG1) NEXIT (SYS)OPER
 8:27:38 #1(CTMKTG1) RUN (SYS)SYSTAT LIC=402010,,10
 8:27:39 #1(CTMKTG1) SETNAM PSP
 8:27:53 #1(CTMKTG1) RUN (SYS)RPG LIC=2010,,10
 8:27:53 #1(CTMKTG1) RUN (SYS)EDITOR LIC=10,,10
 8:27:53 #1(CTMKTG1) NEXIT (SYS)EDITOR
 8:28:04 #1(CTMKTG1) RUN (SYS)RPG LIC=2010,,10
 8:28:04 #1(CTMKTG1) RUN (SYS)DIRIT LIC=10,,10
 8:28:04 #1(CTMKTG1) PUTLSA (SYS)M33 LIC=0,,0
 8:28:06 #1(CTMKTG1) NEXIT (SYS)DIRIT
 8:28:14 #1(CTMKTG1) RUN (SYS)RPG LIC=2010,,10
 8:28:15 #1(CTMKTG1) RUN (SYS)LISTER LIC=12,,10
 8:28:55 #1(CTMKTG1) RUN (SYS)RPG LIC=2010,,10
 8:28:56 #1(CTMKTG1) RUN (SYS)EDITOR LIC=10,,10
 8:30:52 #1(CTMKTG1) NEXIT (SYS)EDITOR
 8:30:59 #1(CTMKTG1) RUN (SYS)RPG LIC=2010,,10
 8:31:00 #1(CTMKTG1) RUN (SYS)DIRIT LIC=10,,10
 8:31:00 #1(CTMKTG1) PUTLSA (SYS)WRS LIC=0,,0
 8:31:25 #1(CTMKTG1) RUN (SYS)RPG LIC=2010,,10
 8:31:25 #1(CTMKTG1) RUN (SYS)LISTER LIC=12,,10
 8:33:39 #1(CTMKTG1) RUN (SYS)RPG LIC=2010,,10
 8:33:39 #1(CTMKTG1) RUN (SYS)LISTER LIC=12,,10
 8:34:01 #1(CTMKTG1) NEXIT (SYS)LISTER
 8:36:12 #1(CTMKTG1) RUN (SYS)RPG LIC=2010,,10
 8:36:12 #1(CTMKTG1) RUN (SYS)LISTER LIC=12,,10
 8:36:47 #1(CTMKTG1) NEXIT (SYS)LISTER
 8:37:06 #1(CTMKTG1) RUN (SYS)RPG LIC=2010,,10
 8:37:07 #1(CTMKTG1) RUN (SYS)LISTER LIC=12,,10
 8:37:13 #1(CTMKTG1) NEXIT (SYS)LISTER
 8:37:33 #1(CTMKTG1) RUN (SYS)RPG LIC=2010,,10
 8:37:34 #1(CTMKTG1) RUN (SYS)LISTER LIC=12,,10
 8:37:34 #1(CTMKTG1) NEXIT (SYS)LISTER
 8:37:56 #1(CTMKTG1) RUN (SYS)RPG LIC=2010,,10
 8:37:56 #1(CTMKTG1) RUN (SYS)LISTER LIC=12,,10
 8:37:57 #1(CTMKTG1) NEXIT (SYS)LISTER
 8:38:09 #1(CTMKTG1) RUN (SYS)RPG LIC=2010,,10
 8:38:10 #1(CTMKTG1) RUN (SYS)LISTER LIC=12,,10
 8:38:17 #1(CTMKTG1) NEXIT (SYS)LISTER
 8:39:04 #1(CTMKTG1) RUN (SYS)RPG LIC=2010,,10
 8:39:05 #1(CTMKTG1) RUN (SYS)DIRIT LIC=10,,10
 8:39:05 #1(CTMKTG1) PUTLSA (SYS)MCH LIC=0,,0
 8:39:05 #1(CTMKTG1) NEXIT (SYS)DIRIT
 8:39:17 #1(CTMKTG1) RUN (SYS)RPG LIC=2010,,10
 8:39:17 #1(CTMKTG1) RUN (SYS)LISTER LIC=12,,10
 8:39:30 #1(CTMKTG1) NEXIT (SYS)LISTER
 8:39:41 #1(CTMKTG1) RUN (SYS)RPG LIC=2010,,10
 8:39:41 #1(CTMKTG1) RUN (SYS)DIRIT LIC=10,,10
 8:39:41 #1(CTMKTG1) PUTLSA (SYS)MCH LIC=0,,0
 8:39:42 #1(CTMKTG1) NEXIT (SYS)DIRIT
 8:40:00 #1(CTMKTG1) RUN (SYS)RPG LIC=2010,,10
 8:40:01 #1(CTMKTG1) RUN (SYS)LISTER LIC=12,,10
 8:40:01 #1(CTMKTG1) NEXIT (SYS)LISTER
 8:40:11 #1(CTMKTG1) RUN (SYS)RPG LIC=2010,,10
 8:40:12 #1(CTMKTG1) RUN (SYS)DIRIT LIC=10,,10
 8:40:12 #1(CTMKTG1) PUTLSA (SYS)HIATT LIC=0,,0
 8:40:13 #1(CTMKTG1) NEXIT (SYS)DIRIT
 8:40:18 #1(CTMKTG1) RUN (SYS)RPG LIC=2010,,10
 8:40:19 #1(CTMKTG1) RUN (SYS)DIRIT LIC=10,,10
 8:40:19 #1(CTMKTG1) PUTLSA (SYS)HIATT LIC=0,,0
 8:40:21 #1(CTMKTG1) NEXIT (SYS)DIRIT
 8:40:31 #1(CTMKTG1) RUN (SYS)RPG LIC=2010,,10
 8:40:32 #1(CTMKTG1) RUN (SYS)DIRIT LIC=10,,10
 8:40:32 #1(CTMKTG1) PUTLSA (SYS)HIATT LIC=0,,0
 8:40:36 #1(CTMKTG1) NEXIT (SYS)DIRIT
 8:40:50 #1(CTMKTG1) RUN (SYS)RPG LIC=2010,,10
 8:40:50 #1(CTMKTG1) RUN (SYS)LISTER LIC=12,,10
 8:40:52 #1(CTMKTG1) NEXIT (SYS)LISTER
 8:41:10 #1(CTMKTG1) RUN (SYS)RPG LIC=2010,,10
 8:41:11 #1(CTMKTG1) RUN (SYS)LISTER LIC=12,,10
 8:41:54 #1(CTMKTG1) RUN (SYS)RPG LIC=2010,,10
 8:41:55 #1(CTMKTG1) RUN (SYS)DIRIT LIC=10,,10
 8:41:55 #1(CTMKTG1) PUTLSA (SYS)KEN LIC=0,,0
 8:42:11 #1(CTMKTG1) RUN (SYS)RPG LIC=2010,,10
 8:42:11 #1(CTMKTG1) RUN (SYS)LISTER LIC=12,,10
 8:42:11 #1(CTMKTG1) NEXIT (SYS)LISTER
 8:42:29 #1(CTMKTG1) RUN (SYS)RPG LIC=2010,,10
 8:42:30 #1(CTMKTG1) RUN (SYS)LISTER LIC=12,,10
 8:42:32 #1(CTMKTG1) NEXIT (SYS)LISTER
 8:43:19 #1(CTMKTG1) RUN (SYS)RPG LIC=2010,,10
 8:43:20 #1(CTMKTG1) RUN (SYS)LISTER LIC=12,,10
 8:46:17 #1(CTMKTG1) NEXIT (SYS)LISTER
 8:51:18 #1(CTMKTG1) RUN (SYS)RPG LIC=2010,,10
 8:51:18 #1(CTMKTG1) RUN (SYS)DIRIT LIC=10,,10
 8:51:18 #1(CTMKTG1) PUTLSA (SYS)DWS LIC=0,,0
 8:51:53 #1(CTMKTG1) RUN (SYS)RPG LIC=2010,,10
 8:51:53 #1(CTMKTG1) RUN (SYS)LISTER LIC=12,,10
 8:51:54 #1(CTMKTG1) NEXIT (SYS)LISTER
 8:52:59 #1(CTMKTG1) RUN (SYS)RPG LIC=2010,,10
 8:53:00 #1(CTMKTG1) RUN (SYS)DIRIT LIC=10,,10
 8:53:00 #1(CTMKTG1) PUTLSA (SYS)DWS LIC=0,,0
 8:53:01 #1(CTMKTG1) NEXIT (SYS)DIRIT
 8:53:13 #1(CTMKTG1) RUN (SYS)RPG LIC=2010,,10
 8:53:13 #1(CTMKTG1) RUN (SYS)LISTER LIC=12,,10
 8:53:15 #1(CTMKTG1) NEXIT (SYS)LISTER
 8:53:55 #1(CTMKTG1) RUN (SYS)RPG LIC=2010,,10
 8:53:56 #1(CTMKTG1) RUN (SYS)LISTER LIC=12,,10
 8:54:10 #1(CTMKTG1) NEXIT (SYS)LISTER
 8:56:01 #1(CTMKTG1) RUN (SYS)RPG LIC=2010,,10
 8:56:02 #1(CTMKTG1) RUN (SYS)LISTER LIC=12,,10
 8:56:09 #1(CTMKTG1) NEXIT (SYS)LISTER
 8:56:59 #1(CTMKTG1) RUN (SYS)RPG LIC=2010,,10
 8:57:00 #1(CTMKTG1) RUN (SYS)LISTER LIC=12,,10
 8:57:13 #1(CTMKTG1) NEXIT (SYS)LISTER
 8:57:29 #1(CTMKTG1) RUN (SYS)RPG LIC=2010,,10
 8:57:29 #1(CTMKTG1) RUN (SYS)DIRIT LIC=10,,10
 8:57:29 #1(CTMKTG1) PUTLSA (SYS)TODD LIC=0,,0
 8:57:33 #1(CTMKTG1) NEXIT (SYS)DIRIT
 8:57:51 #1(CTMKTG1) RUN (SYS)RPG LIC=2010,,10
 8:57:52 #1(CTMKTG1) RUN (SYS)DIRIT LIC=10,,10
 8:57:53 #1(CTMKTG1) PUTLSA (SYS)LOIS LIC=0,,0
 8:58:02 #1(CTMKTG1) NEXIT (SYS)DIRIT
 8:58:14 #1(CTMKTG1) RUN (SYS)RPG LIC=2010,,10
 8:58:14 #1(CTMKTG1) RUN (SYS)LISTER LIC=12,,10
 9:01:17 #1(CTMKTG1) NEXIT (SYS)LISTER
 9:07:38 #1(CTMKTG1) RUN (SYS)RPG LIC=2010,,10
 9:07:39 #1(CTMKTG1) RUN (SYS)DIRIT LIC=10,,10
 9:07:39 #1(CTMKTG1) PUTLSA (SYS)ADELE LIC=0,,0
 9:08:07 #1(CTMKTG1) RUN (SYS)RPG LIC=2010,,10
 9:08:07 #1(CTMKTG1) RUN (SYS)LISTER LIC=12,,10
 9:09:39 #1(CTMKTG1) RUN (SYS)RPG LIC=2010,,10
 9:09:39 #1(CTMKTG1) RUN (SYS)LISTER LIC=12,,10
 9:09:44 #1(CTMKTG1) NEXIT (SYS)LISTER
 9:10:24 #1(CTMKTG1) RUN (SYS)RPG LIC=2010,,10
 9:10:25 #1(CTMKTG1) RUN (SYS)LISTER LIC=12,,10
 9:10:30 #1(CTMKTG1) NEXIT (SYS)LISTER
 9:10:47 #1(CTMKTG1) RUN (SYS)RPG LIC=2010,,10
 9:10:47 #1(CTMKTG1) RUN (SYS)LISTER LIC=12,,10
 9:10:50 #1(CTMKTG1) NEXIT (SYS)LISTER
 9:11:38 #1(CTMKTG1) RUN (SYS)LOGOUT LIC=547010,,10
 9:11:39 #1(CTMKTG1) LOGOUT
[ NOV 16,82 ]
 1:49:12 #1(CTMKTG7) LOGIN 1125:62 TID=1200
 1:49:13 #1(CTMKTG7) NEXIT (SYS)LOGINN
 1:49:19 #1(CTMKTG7) RUN (SYS)OPER LIC=775617,,0
 1:49:24 #1(CTMKTG7) SETLIC (SYS)OPER LIC=775617,,10
 1:49:24 #1(CTMKTG7) NEXIT (SYS)OPER
 1:49:33 #1(CTMKTG7) RUN (SYS)RPG LIC=2010,,10
 1:49:34 #1(CTMKTG7) RUN (SYS)DIRIT LIC=10,,10
 1:49:34 #1(CTMKTG7) PUTLSA (SYS)DWS LIC=0,,0
 1:49:40 #1(CTMKTG7) NEXIT (SYS)DIRIT
 1:50:16 #1(CTMKTG7) RUN (SYS)RPG LIC=2010,,10
 1:50:17 #1(CTMKTG7) RUN (SYS)LISTER LIC=12,,10
 1:50:17 #1(CTMKTG7) NEXIT (SYS)LISTER
 1:50:45 #1(CTMKTG7) RUN (SYS)RPG LIC=2010,,10
 1:50:46 #1(CTMKTG7) RUN (SYS)DIRIT LIC=10,,10
 1:50:46 #1(CTMKTG7) PUTLSA (SYS)DWS LIC=0,,0
 1:50:47 #1(CTMKTG7) NEXIT (SYS)DIRIT
 1:51:02 #1(CTMKTG7) RUN (SYS)RPG LIC=2010,,10
 1:51:02 #1(CTMKTG7) RUN (SYS)LISTER LIC=12,,10
 1:52:25 #1(CTMKTG7) NEXIT (SYS)LISTER
 1:53:41 #1(CTMKTG7) RUN (SYS)RPG LIC=2010,,10
 1:53:41 #1(CTMKTG7) RUN (SYS)LISTER LIC=12,,10
 1:53:41 #1(CTMKTG7) NEXIT (SYS)LISTER
 1:53:50 #1(CTMKTG7) RUN (SYS)RPG LIC=2010,,10
 1:53:50 #1(CTMKTG7) RUN (SYS)EDITOR LIC=10,,10
 1:54:19 #1(CTMKTG7) NEXIT (SYS)EDITOR
 1:54:27 #1(CTMKTG7) RUN (SYS)RPG LIC=2010,,10
 1:54:27 #1(CTMKTG7) NEXIT (SYS)RPG
 1:54:34 #1(CTMKTG7) RUN (SYS)RPG LIC=2010,,10
 1:54:34 #1(CTMKTG7) RUN (SYS)DIRIT LIC=10,,10
 1:54:35 #1(CTMKTG7) NEXIT (SYS)DIRIT
 1:54:42 #1(CTMKTG7) RUN (SYS)RPG LIC=2010,,10
 1:54:42 #1(CTMKTG7) RUN (SYS)DIRIT LIC=10,,10
 1:54:42 #1(CTMKTG7) PUTLSA (SYS)DWS LIC=0,,0
 1:54:43 #1(CTMKTG7) NEXIT (SYS)DIRIT
 1:54:52 #1(CTMKTG7) RUN (SYS)RPG LIC=2010,,10
 1:54:52 #1(CTMKTG7) RUN (SYS)LISTER LIC=12,,10
 1:54:53 #1(CTMKTG7) NEXIT (SYS)LISTER
 1:55:18 #1(CTMKTG7) RUN (SYS)RPG LIC=2010,,10
 1:55:19 #1(CTMKTG7) RUN (SYS)DIRIT LIC=10,,10
 1:55:19 #1(CTMKTG7) PUTLSA (SYS)DWS LIC=0,,0
 1:55:20 #1(CTMKTG7) NEXIT (SYS)DIRIT
 1:55:29 #1(CTMKTG7) RUN (SYS)RPG LIC=2010,,10
 1:55:30 #1(CTMKTG7) RUN (SYS)LISTER LIC=12,,10
 1:55:42 #1(CTMKTG7) NEXIT (SYS)LISTER
 1:57:22 #1(CTMKTG7) RUN (SYS)RPG LIC=2010,,10
 1:57:23 #1(CTMKTG7) RUN (SYS)LISTER LIC=12,,10
 1:59:25 #1(CTMKTG7) NEXIT (SYS)LISTER
 2:01:24 #1(CTMKTG7) RUN (SYS)RPG LIC=2010,,10
 2:01:25 #1(CTMKTG7) RUN (SYS)LISTER LIC=12,,10
 2:01:26 #1(CTMKTG7) NEXIT (SYS)LISTER
 2:01:44 #1(CTMKTG7) RUN (SYS)RPG LIC=2010,,10
 2:01:44 #1(CTMKTG7) RUN (SYS)LISTER LIC=12,,10
 2:01:53 #1(CTMKTG7) NEXIT (SYS)LISTER
 2:03:47 #1(CTMKTG7) RUN (SYS)RPG LIC=2010,,10
 2:03:47 #1(CTMKTG7) RUN (SYS)DIRIT LIC=10,,10
 2:03:47 #1(CTMKTG7) PUTLSA (SYS)LOIS LIC=0,,0
 2:04:01 #1(CTMKTG7) NEXIT (SYS)DIRIT
 2:04:33 #1(CTMKTG7) RUN (SYS)RPG LIC=2010,,10
 2:04:33 #1(CTMKTG7) RUN (SYS)LISTER LIC=12,,10
 2:04:36 #1(CTMKTG7) NEXIT (SYS)LISTER
 2:05:05 #1(CTMKTG7) RUN (SYS)RPG LIC=2010,,10
 2:05:06 #1(CTMKTG7) RUN (SYS)DIRIT LIC=10,,10
 2:05:07 #1(CTMKTG7) PUTLSA (SYS)LOIS LIC=0,,0
 2:05:08 #1(CTMKTG7) NEXIT (SYS)DIRIT
 2:05:17 #1(CTMKTG7) RUN (SYS)RPG LIC=2010,,10
 2:05:18 #1(CTMKTG7) RUN (SYS)LISTER LIC=12,,10
 2:12:49 #1(CTMKTG7) NEXIT (SYS)LISTER
 2:13:35 #1(CTMKTG7) RUN (SYS)RPG LIC=2010,,10
 2:13:35 #1(CTMKTG7) RUN (SYS)DIRIT LIC=10,,10
 2:13:35 #1(CTMKTG7) PUTLSA (SYS)LOIS LIC=0,,0
 2:13:36 #1(CTMKTG7) NEXIT (SYS)DIRIT
 2:13:46 #1(CTMKTG7) RUN (SYS)RPG LIC=2010,,10
 2:13:46 #1(CTMKTG7) RUN (SYS)DIRIT LIC=10,,10
 2:13:47 #1(CTMKTG7) PUTLSA (SYS)LOIS LIC=0,,0
 2:13:48 #1(CTMKTG7) NEXIT (SYS)DIRIT
 2:13:58 #1(CTMKTG7) RUN (SYS)RPG LIC=2010,,10
 2:13:59 #1(CTMKTG7) RUN (SYS)LISTER LIC=12,,10
 2:14:00 #1(CTMKTG7) NEXIT (SYS)LISTER
 2:14:22 #1(CTMKTG7) RUN (SYS)RPG LIC=2010,,10
 2:14:23 #1(CTMKTG7) RUN (SYS)LISTER LIC=12,,10
 2:17:21 #1(CTMKTG7) NEXIT (SYS)LISTER
 2:18:25 #1(CTMKTG7) RUN (SYS)RPG LIC=2010,,10
 2:18:25 #1(CTMKTG7) RUN (SYS)DIRIT LIC=10,,10
 2:18:26 #1(CTMKTG7) NEXIT (SYS)DIRIT
 2:18:41 #1(CTMKTG7) RUN (SYS)FNDFIL LIC=10,,10
 2:20:16 #1(CTMKTG7) RUN (SYS)PEAK LIC=10,,10
 2:23:17 #1(CTMKTG7) NEXIT (SYS)PEAK
 2:23:22 #1(CTMKTG7) RUN (SYS)RPG LIC=2010,,10
 2:23:23 #1(CTMKTG7) RUN (SYS)DIRIT LIC=10,,10
 2:23:23 #1(CTMKTG7) PUTLSA (SYS)DED LIC=0,,0
 2:23:26 #1(CTMKTG7) NEXIT (SYS)DIRIT
 2:24:00 #1(CTMKTG7) RUN (SYS)RPG LIC=2010,,10
 2:24:01 #1(CTMKTG7) RUN (SYS)LISTER LIC=12,,10
 2:25:37 #1(CTMKTG7) RUN (SYS)RPG LIC=2010,,10
 2:25:37 #1(CTMKTG7) RUN (SYS)DIRIT LIC=10,,10
 2:25:37 #1(CTMKTG7) PUTLSA (SYS)DED LIC=0,,0
 2:25:38 #1(CTMKTG7) NEXIT (SYS)DIRIT
 2:25:46 #1(CTMKTG7) RUN (SYS)TIO LIC=10,,10
 2:25:53 #1(CTMKTG7) NEXIT (SYS)TIO
 2:26:05 #1(CTMKTG7) RUN (SYS)RPG LIC=2010,,10
 2:26:05 #1(CTMKTG7) RUN (SYS)LISTER LIC=12,,10
 2:26:05 #1(CTMKTG7) NEXIT (SYS)LISTER
 2:26:14 #1(CTMKTG7) RUN (SYS)RPG LIC=2010,,10
 2:26:14 #1(CTMKTG7) RUN (SYS)LISTER LIC=12,,10
 2:26:27 #1(CTMKTG7) RUN (SYS)GFD LIC=5010,,10
 2:26:28 #1(CTMKTG7) NEXIT (SYS)GFD
 2:26:30 #1(CTMKTG7) RUN (SYS)SYSTAT LIC=402010,,10
 2:26:31 #1(CTMKTG7) SETNAM WHO
 2:26:45 #1(CTMKTG7) RUN (SYS)RPG LIC=2010,,10
 2:26:45 #1(CTMKTG7) RUN (SYS)DIRIT LIC=10,,10
 2:26:46 #1(CTMKTG7) PUTLSA (SYS)DED LIC=0,,0
 2:26:46 #1(CTMKTG7) NEXIT (SYS)DIRIT
 2:26:58 #1(CTMKTG7) RUN (DED)PEAK LIC=10,,10
 2:26:58 #1(CTMKTG7) PUTLSA (DED)*PEAK* LIC=0,,0
 2:28:14 #1(CTMKTG7) RUN (SYS)LOGOUT LIC=547010,,10
 2:28:15 #1(CTMKTG7) LOGOUT
 2:28:47 #1(CTMKTG7) LOGIN 1125:63 TID=1200
 2:28:47 #1(CTMKTG7) NEXIT (SYS)LOGINN
 2:28:52 #1(CTMKTG7) RUN (SYS)OPER LIC=775617,,0
 2:28:58 #1(CTMKTG7) NEXIT (SYS)OPER
 2:28:59 #1(CTMKTG7) RUN (SYS)OPER LIC=775617,,0
 2:29:03 #1(CTMKTG7) SETLIC (SYS)OPER LIC=775617,,10
 2:29:03 #1(CTMKTG7) NEXIT (SYS)OPER
 2:29:12 #1(CTMKTG7) RUN (SYS)RPG LIC=2010,,10
 2:29:12 #1(CTMKTG7) RUN (SYS)LISTER LIC=12,,10
 2:29:47 #1(CTMKTG7) RUN (SYS)RPG LIC=2010,,10
 2:29:47 #1(CTMKTG7) RUN (SYS)LISTER LIC=12,,10
 2:29:47 #1(CTMKTG7) NEXIT (SYS)LISTER
 2:29:59 #1(CTMKTG7) RUN (SYS)RPG LIC=2010,,10
 2:29:59 #1(CTMKTG7) RUN (SYS)LISTER LIC=12,,10
 2:30:13 #1(CTMKTG7) RUN (SYS)TIO LIC=10,,10
 2:31:08 #1(CTMKTG7) NEXIT (SYS)TIO
 2:31:19 #1(CTMKTG7) RUN (SYS)RPG LIC=2010,,10
 2:31:19 #1(CTMKTG7) RUN (SYS)LISTER LIC=12,,10
 2:31:37 #1(CTMKTG7) RUN (SYS)RPG LIC=2010,,10
 2:31:38 #1(CTMKTG7) RUN (SYS)LISTER LIC=12,,10
 2:33:01 #1(CTMKTG7) RUN (SYS)RPG LIC=2010,,10
 2:33:01 #1(CTMKTG7) RUN (SYS)LISTER LIC=12,,10
 2:35:22 #1(CTMKTG7) NEXIT (SYS)LISTER
 2:38:16 #1(CTMKTG7) RUN (SYS)RPG LIC=2010,,10
 2:38:17 #1(CTMKTG7) RUN (SYS)DIRIT LIC=10,,10
 2:38:17 #1(CTMKTG7) PUTLSA (SYS)DED LIC=0,,0
 2:38:17 #1(CTMKTG7) NEXIT (SYS)DIRIT
 2:38:31 #1(CTMKTG7) RUN (SYS)RPG LIC=2010,,10
 2:38:32 #1(CTMKTG7) RUN (SYS)LISTER LIC=12,,10
 2:39:02 #1(CTMKTG7) RUN (SYS)RPG LIC=2010,,10
 2:39:03 #1(CTMKTG7) RUN (SYS)DIRIT LIC=10,,10
 2:39:03 #1(CTMKTG7) PUTLSA (SYS)DED LIC=0,,0
 2:39:03 #1(CTMKTG7) NEXIT (SYS)DIRIT
 2:39:21 #1(CTMKTG7) RUN (SYS)RPG LIC=2010,,10
 2:39:21 #1(CTMKTG7) RUN (SYS)LISTER LIC=12,,10
 2:40:13 #1(CTMKTG7) RUN (SYS)RPG LIC=2010,,10
 2:40:14 #1(CTMKTG7) RUN (SYS)DIRIT LIC=10,,10
 2:40:14 #1(CTMKTG7) PUTLSA (SYS)SYS LIC=0,,0
 2:40:15 #1(CTMKTG7) NEXIT (SYS)DIRIT
 2:40:27 #1(CTMKTG7) RUN (SYS)RPG LIC=2010,,10
 2:40:27 #1(CTMKTG7) RUN (SYS)LISTER LIC=12,,10
 2:40:58 #1(CTMKTG7) RUN (SYS)RPG LIC=2010,,10
 2:40:58 #1(CTMKTG7) RUN (SYS)LISTER LIC=12,,10
 2:41:32 #1(CTMKTG7) RUN (SYS)RPG LIC=2010,,10
 2:41:32 #1(CTMKTG7) NEXIT (SYS)RPG
 2:41:39 #1(CTMKTG7) RUN (SYS)RPG LIC=2010,,10
 2:41:39 #1(CTMKTG7) RUN (SYS)DIRIT LIC=10,,10
 2:41:39 #1(CTMKTG7) PUTLSA (SYS)DED LIC=0,,0
 2:41:40 #1(CTMKTG7) NEXIT (SYS)DIRIT
 2:41:56 #1(CTMKTG7) RUN (SYS)RPG LIC=2010,,10
 2:41:57 #1(CTMKTG7) RUN (SYS)LISTER LIC=12,,10
 2:41:57 #1(CTMKTG7) NEXIT (SYS)LISTER
 2:42:13 #1(CTMKTG7) RUN (SYS)RPG LIC=2010,,10
 2:42:14 #1(CTMKTG7) RUN (SYS)LISTER LIC=12,,10
 2:42:14 #1(CTMKTG7) NEXIT (SYS)LISTER
 2:42:37 #1(CTMKTG7) RUN (SYS)RPG LIC=2010,,10
 2:42:37 #1(CTMKTG7) RUN (SYS)LISTER LIC=12,,10
 2:42:37 #1(CTMKTG7) NEXIT (SYS)LISTER
 2:42:48 #1(CTMKTG7) RUN (SYS)GFD LIC=5010,,10
 2:42:49 #1(CTMKTG7) NEXIT (SYS)GFD
 2:42:59 #1(CTMKTG7) RUN (SYS)RPG LIC=2010,,10
 2:42:59 #1(CTMKTG7) RUN (SYS)DIRIT LIC=10,,10
 2:43:00 #1(CTMKTG7) PUTLSA (SYS)FTSYS LIC=0,,0
 2:43:00 #1(CTMKTG7) NEXIT (SYS)DIRIT
 2:43:32 #1(CTMKTG7) RUN (SYS)RPG LIC=2010,,10
 2:43:33 #1(CTMKTG7) RUN (SYS)EDITOR LIC=10,,10
 2:43:51 #1(CTMKTG7) NEXIT (SYS)EDITOR
 2:43:55 #1(CTMKTG7) RUN (SYS)RPG LIC=2010,,10
 2:43:55 #1(CTMKTG7) NEXIT (SYS)RPG
 2:44:05 #1(CTMKTG7) RUN (SYS)RPG LIC=2010,,10
 2:44:05 #1(CTMKTG7) RUN (SYS)DIRIT LIC=10,,10
 2:44:05 #1(CTMKTG7) PUTLSA (SYS)SYS LIC=0,,0
 2:44:07 #1(CTMKTG7) NEXIT (SYS)DIRIT
 2:44:34 #1(CTMKTG7) RUN (SYS)RPG LIC=2010,,10
 2:44:34 #1(CTMKTG7) RUN (SYS)EDITOR LIC=10,,10
 2:46:07 #1(CTMKTG7) NEXIT (SYS)EDITOR
 2:46:17 #1(CTMKTG7) RUN (SYS)RPG LIC=2010,,10
 2:46:17 #1(CTMKTG7) RUN (SYS)DIRIT LIC=10,,10
 2:46:17 #1(CTMKTG7) PUTLSA (SYS)SYS LIC=0,,0
 2:46:19 #1(CTMKTG7) NEXIT (SYS)DIRIT
 2:46:36 #1(CTMKTG7) RUN (SYS)TELECO LIC=10,,10
 2:46:39 #1(CTMKTG7) RUN (SYS)LOGOUT LIC=547010,,10
 2:46:39 #1(CTMKTG7) LOGOUT
 2:46:47 #1(CTMKTG7) LOGIN 1125:63 TID=1200
 2:46:47 #1(CTMKTG7) NEXIT (SYS)LOGINN
 2:46:47 #1(CTMKTG7) RUN (SYS)OPER LIC=775617,,0
 2:46:51 #1(CTMKTG7) SETLIC (SYS)OPER LIC=775617,,10
 2:46:51 #1(CTMKTG7) NEXIT (SYS)OPER
 2:46:55 #1(CTMKTG7) RUN (SYS)RPG LIC=2010,,10
 2:46:55 #1(CTMKTG7) RUN (SYS)DIRIT LIC=10,,10
 2:46:55 #1(CTMKTG7) PUTLSA (SYS)SYS LIC=0,,0
 2:49:31 #1(CTMKTG7) NEXIT (SYS)DIRIT
 2:49:47 #1(CTMKTG7) RUN (SYS)RPG LIC=2010,,10
 2:49:47 #1(CTMKTG7) RUN (SYS)LISTER LIC=12,,10
 2:50:05 #1(CTMKTG7) RUN (SYS)RPG LIC=2010,,10
 2:50:05 #1(CTMKTG7) RUN (SYS)DIRIT LIC=10,,10
 2:50:05 #1(CTMKTG7) PUTLSA (SYS)SYS LIC=0,,0
 2:50:07 #1(CTMKTG7) NEXIT (SYS)DIRIT
 2:50:18 #1(CTMKTG7) RUN (SYS)FTPEAK LIC=10,,10
 2:50:34 #1(CTMKTG7) RUN (SYS)PEAK LIC=10,,10
 2:51:01 #1(CTMKTG7) NEXIT (SYS)PEAK
 2:51:05 #1(CTMKTG7) RUN (SYS)RPG LIC=2010,,10
 2:51:06 #1(CTMKTG7) RUN (SYS)LISTER LIC=12,,10
 2:51:06 #1(CTMKTG7) NEXIT (SYS)LISTER
 2:51:09 #1(CTMKTG7) RUN (SYS)RPG LIC=2010,,10
 2:51:10 #1(CTMKTG7) RUN (SYS)DIRIT LIC=10,,10
 2:51:11 #1(CTMKTG7) NEXIT (SYS)DIRIT
 2:51:51 #1(CTMKTG7) RUN (SYS)RPG LIC=2010,,10
 2:51:51 #1(CTMKTG7) RUN (SYS)LISTER LIC=12,,10
 2:53:54 #1(CTMKTG7) NEXIT (SYS)LISTER
 2:54:54 #1(CTMKTG7) RUN (SYS)RPG LIC=2010,,10
 2:54:54 #1(CTMKTG7) RUN (SYS)DIRIT LIC=10,,10
 2:54:54 #1(CTMKTG7) PUTLSA (SYS)SYS LIC=0,,0
 2:55:15 #1(CTMKTG7) NEXIT (SYS)DIRIT
 2:55:31 #1(CTMKTG7) RUN (SYS)LOGOUT LIC=547010,,10
 2:55:31 #1(CTMKTG7) LOGOUT
 3:06:06 #1(CTMKTG7) LOGIN 1125:70 TID=1200
 3:06:06 #1(CTMKTG7) NEXIT (SYS)LOGINN
 3:06:36 #1(CTMKTG7) RUN (SYS)PEAK
 3:17:01 #1(CTMKTG7) NEXIT (SYS)PEAK
 3:17:05 #1(CTMKTG7) RUN (SYS)RPG LIC=2000,,0
 3:17:06 #1(CTMKTG7) RUN (SYS)DIRIT
 3:17:06 #1(CTMKTG7) NEXIT (SYS)DIRIT
 3:17:14 #1(CTMKTG7) RUN (SYS)RPG LIC=2000,,0
 3:17:15 #1(CTMKTG7) RUN (SYS)LISTER LIC=12,,0
 3:17:15 #1(CTMKTG7) NEXIT (SYS)LISTER
 3:17:22 #1(CTMKTG7) RUN (SYS)RPG LIC=2000,,0
 3:17:22 #1(CTMKTG7) RUN (SYS)DIRIT
 3:17:23 #1(CTMKTG7) NEXIT (SYS)DIRIT
 3:18:53 #1(CTMKTG7) RUN (SYS)RPG LIC=2000,,0
 3:18:53 #1(CTMKTG7) NEXIT (SYS)RPG
 3:18:57 #1(CTMKTG7) RUN (SYS)RPG LIC=2000,,0
 3:19:01 #1(CTMKTG7) RUN (SYS)PEAK
 3:19:52 #1(CTMKTG7) NEXIT (SYS)PEAK
 3:19:56 #1(CTMKTG7) RUN (SYS)EDITOR
 3:19:59 #1(CTMKTG7) NEXIT (SYS)EDITOR
 3:20:11 #1(CTMKTG7) RUN (SYS)RPG LIC=2000,,0
 3:20:11 #1(CTMKTG7) NEXIT (SYS)RPG
 3:20:17 #1(CTMKTG7) RUN (SYS)RPG LIC=2000,,0
 3:20:17 #1(CTMKTG7) NEXIT (SYS)RPG
 3:20:21 #1(CTMKTG7) RUN (SYS)RPG LIC=2000,,0
 3:20:21 #1(CTMKTG7) RUN (SYS)DIRIT
 3:20:22 #1(CTMKTG7) NEXIT (SYS)DIRIT
 3:20:29 #1(CTMKTG7) RUN (SYS)RPG LIC=2000,,0
 3:20:29 #1(CTMKTG7) RUN (SYS)LISTER LIC=12,,0
 3:20:29 #1(CTMKTG7) NEXIT (SYS)LISTER
 3:21:09 #1(CTMKTG7) RUN (SYS)LOGOUT LIC=547000,,0
 3:21:09 #1(CTMKTG7) LOGOUT
 3:21:27 #1(CTMKTG7) LOGIN 1125:70 TID=1200
 3:21:27 #1(CTMKTG7) NEXIT (SYS)LOGINN
 3:21:28 #1(CTMKTG7) RUN (SYS)RPG LIC=2000,,0
 3:21:30 #1(CTMKTG7) RUN (SYS)PEAK
 3:21:44 #1(CTMKTG7) NEXIT (SYS)PEAK
 3:22:03 #1(CTMKTG7) RUN (SYS)RPG LIC=2000,,0
 3:22:03 #1(CTMKTG7) NEXIT (SYS)RPG
 3:22:23 #1(CTMKTG7) RUN (SYS)RPG LIC=2000,,0
 3:22:23 #1(CTMKTG7) NEXIT (SYS)RPG
 3:22:31 #1(CTMKTG7) RUN (SYS)RPG LIC=2000,,0
 3:22:31 #1(CTMKTG7) RUN (SYS)LISTER LIC=12,,0
 3:22:31 #1(CTMKTG7) NEXIT (SYS)LISTER
 3:23:50 #1(CTMKTG7) RUN (SYS)PEAK
 3:29:00 #1(CTMKTG7) NEXIT (SYS)PEAK
 3:29:25 #1(CTMKTG7) RUN (SYS)RPG LIC=2000,,0
 3:29:25 #1(CTMKTG7) RUN (SYS)DIRIT
 3:29:26 #1(CTMKTG7) NEXIT (SYS)DIRIT
 3:29:41 #1(CTMKTG7) RUN (SYS)PEAK
 3:33:25 #1(CTMKTG7) NEXIT (SYS)PEAK
 3:33:31 #1(CTMKTG7) RUN (SYS)RPG LIC=2000,,0
 3:33:31 #1(CTMKTG7) RUN (SYS)DIRIT
 3:33:32 #1(CTMKTG7) NEXIT (SYS)DIRIT
 3:33:46 #1(CTMKTG7) RUN (SYS)RPG LIC=2000,,0
 3:33:46 #1(CTMKTG7) RUN (SYS)LISTER LIC=12,,0
 3:33:47 #1(CTMKTG7) NEXIT (SYS)LISTER
 3:33:54 #1(CTMKTG7) RUN (SYS)RPG LIC=2000,,0
 3:33:55 #1(CTMKTG7) RUN (SYS)LISTER LIC=12,,0
 3:33:55 #1(CTMKTG7) NEXIT (SYS)LISTER
 3:35:37 #1(CTMKTG7) RUN (SYS)RPG LIC=2000,,0
 3:35:41 #1(CTMKTG7) RUN (SYS)PEAK
 3:36:44 #1(CTMKTG7) NEXIT (SYS)PEAK
 3:36:50 #1(CTMKTG7) RUN (SYS)RPG LIC=2000,,0
 3:36:53 #1(CTMKTG7) RUN (SYS)PEAK
 3:38:35 #1(CTMKTG7) NEXIT (SYS)PEAK
 3:38:41 #1(CTMKTG7) RUN (SYS)RPG LIC=2000,,0
 3:38:44 #1(CTMKTG7) RUN (SYS)PEAK
 3:38:55 #1(CTMKTG7) NEXIT (SYS)PEAK
 3:38:58 #1(CTMKTG7) RUN (SYS)RPG LIC=2000,,0
 3:39:02 #1(CTMKTG7) RUN (SYS)PEAK
 3:42:53 #1(CTMKTG7) NEXIT (SYS)PEAK
 3:43:15 #1(CTMKTG7) RUN (SYS)RPG LIC=2000,,0
 3:43:15 #1(CTMKTG7) RUN (SYS)PIP
 3:43:16 #1(CTMKTG7) NEXIT (SYS)PIP
 3:43:26 #1(CTMKTG7) RUN (SYS)RPG LIC=2000,,0
 3:43:26 #1(CTMKTG7) RUN (SYS)PIP
 3:43:27 #1(CTMKTG7) NEXIT (SYS)PIP
 3:43:31 #1(CTMKTG7) RUN (SYS)RPG LIC=2000,,0
 3:43:31 #1(CTMKTG7) RUN (SYS)DIRIT
 3:43:32 #1(CTMKTG7) NEXIT (SYS)DIRIT
 3:43:47 #1(CTMKTG7) RUN (SYS)RPG LIC=2000,,0
 3:43:51 #1(CTMKTG7) RUN (SYS)PEAK
 3:45:35 #1(CTMKTG7) NEXIT (SYS)PEAK
 3:45:41 #1(CTMKTG7) RUN (SYS)RPG LIC=2000,,0
 3:45:41 #1(CTMKTG7) RUN (SYS)LISTER LIC=12,,0
 3:45:42 #1(CTMKTG7) NEXIT (SYS)LISTER
 3:46:06 #1(CTMKTG7) RUN (SYS)RPG LIC=2000,,0
 3:46:09 #1(CTMKTG7) RUN (SYS)PEAK
 3:47:17 #1(CTMKTG7) NEXIT (SYS)PEAK
 3:47:29 #1(CTMKTG7) RUN (SYS)PEAK
 3:47:36 #1(CTMKTG7) NEXIT (SYS)PEAK
 3:47:41 #1(CTMKTG7) RUN (SYS)PEAK
 3:47:59 #1(CTMKTG7) NEXIT (SYS)PEAK
 3:48:04 #1(CTMKTG7) RUN (SYS)RPG LIC=2000,,0
 3:48:07 #1(CTMKTG7) RUN (SYS)PEAK
 3:51:09 #1(CTMKTG7) NEXIT (SYS)PEAK
 3:51:13 #1(CTMKTG7) RUN (SYS)RPG LIC=2000,,0
 3:51:17 #1(CTMKTG7) RUN (SYS)PEAK
 3:53:27 #1(CTMKTG7) NEXIT (SYS)PEAK
 3:53:35 #1(CTMKTG7) RUN (SYS)RPG LIC=2000,,0
 3:53:36 #1(CTMKTG7) RUN (SYS)LISTER LIC=12,,0
 3:53:36 #1(CTMKTG7) NEXIT (SYS)LISTER
 3:53:40 #1(CTMKTG7) RUN (SYS)OPER LIC=775617,,0
 3:53:44 #1(CTMKTG7) NEXIT (SYS)OPER
 3:53:46 #1(CTMKTG7) RUN (SYS)OPER LIC=775617,,0
 3:53:55 #1(CTMKTG7) SETLIC (SYS)OPER LIC=775617,,10
 3:53:55 #1(CTMKTG7) NEXIT (SYS)OPER
 3:54:06 #1(CTMKTG7) RUN (SYS)RPG LIC=2010,,10
 3:54:07 #1(CTMKTG7) RUN (SYS)LISTER LIC=12,,10
 3:54:07 #1(CTMKTG7) NEXIT (SYS)LISTER
 3:55:14 #1(CTMKTG7) RUN (SYS)RPG LIC=2010,,10
 3:55:14 #1(CTMKTG7) RUN (SYS)LISTER LIC=12,,10
 3:55:15 #1(CTMKTG7) NEXIT (SYS)LISTER
 3:55:36 #1(CTMKTG7) RUN (SYS)PEAK LIC=10,,10
 4:05:58 #1(CTMKTG7) NEXIT (SYS)PEAK
 4:06:11 #1(CTMKTG7) RUN (SYS)RPG LIC=2010,,10
 4:06:15 #1(CTMKTG7) RUN (SYS)PEAK LIC=10,,10
 4:09:30 #1(CTMKTG7) NEXIT (SYS)PEAK
 4:09:37 #1(CTMKTG7) RUN (SYS)RPG LIC=2010,,10
 4:09:37 #1(CTMKTG7) RUN (SYS)LISTER LIC=12,,10
 4:09:37 #1(CTMKTG7) NEXIT (SYS)LISTER
 4:09:55 #1(CTMKTG7) RUN (SYS)RPG LIC=2010,,10
 4:09:59 #1(CTMKTG7) RUN (SYS)PEAK LIC=10,,10
 4:10:45 #1(CTMKTG7) NEXIT (SYS)PEAK
 4:10:47 #1(CTMKTG7) RUN (SYS)RPG LIC=2010,,10
 4:10:47 #1(CTMKTG7) RUN (SYS)LISTER LIC=12,,10
 4:10:48 #1(CTMKTG7) NEXIT (SYS)LISTER
 4:11:06 #1(CTMKTG7) RUN (SYS)RPG LIC=2010,,10
 4:11:09 #1(CTMKTG7) RUN (SYS)PEAK LIC=10,,10
 4:12:16 #1(CTMKTG7) NEXIT (SYS)PEAK
 4:12:20 #1(CTMKTG7) RUN (SYS)RPG LIC=2010,,10
 4:12:23 #1(CTMKTG7) RUN (SYS)PEAK LIC=10,,10
 4:12:53 #1(CTMKTG7) NEXIT (SYS)PEAK
 4:12:59 #1(CTMKTG7) RUN (SYS)RPG LIC=2010,,10
 4:13:03 #1(CTMKTG7) RUN (SYS)PEAK LIC=10,,10
 4:13:59 #1(CTMKTG7) NEXIT (SYS)PEAK
 4:14:06 #1(CTMKTG7) RUN (SYS)RPG LIC=2010,,10
 4:14:09 #1(CTMKTG7) RUN (SYS)PEAK LIC=10,,10
 4:14:37 #1(CTMKTG7) NEXIT (SYS)PEAK
 4:14:39 #1(CTMKTG7) RUN (SYS)RPG LIC=2010,,10
 4:14:43 #1(CTMKTG7) RUN (SYS)PEAK LIC=10,,10
 4:15:23 #1(CTMKTG7) NEXIT (SYS)PEAK
 4:15:28 #1(CTMKTG7) RUN (SYS)RPG LIC=2010,,10
 4:15:29 #1(CTMKTG7) RUN (SYS)DIRIT LIC=10,,10
 4:15:29 #1(CTMKTG7) NEXIT (SYS)DIRIT
 4:15:34 #1(CTMKTG7) RUN (SYS)RPG LIC=2010,,10
 4:15:37 #1(CTMKTG7) RUN (SYS)PEAK LIC=10,,10
 4:16:16 #1(CTMKTG7) NEXIT (SYS)PEAK
 4:16:26 #1(CTMKTG7) RUN (SYS)TELECO LIC=10,,10
 4:28:04 #1(CTMKTG7) RUN (SYS)LOGOUT LIC=547010,,10
 4:28:04 #1(CTMKTG7) LOGOUT
[ NOV 17,82 ]
10:39:55 #1(CTMKTG1) LOGIN 1125:65 TID=1200
10:39:56 #1(CTMKTG1) NEXIT (SYS)LOGINN
10:40:03 #1(CTMKTG1) RUN (SYS)OPER LIC=775617,,0
10:40:06 #1(CTMKTG1) SETLIC (SYS)OPER LIC=775617,,10
10:40:06 #1(CTMKTG1) NEXIT (SYS)OPER
10:40:11 #1(CTMKTG1) RUN (SYS)INFO LIC=10,,10
10:40:14 #1(CTMKTG1) RUN (MONDOC)INFO LIC=10,,10
10:44:32 #1(CTMKTG1) NEXIT (MONDOC)INFO
10:44:34 #1(CTMKTG1) RUN (SYS)LOGOUT LIC=547010,,10
10:44:35 #1(CTMKTG1) LOGOUT
[ NOV 18,82 ]
 1:58:23 #1(CTMKTG7) LOGIN 647:117 TID=AUX
 1:58:23 #1(CTMKTG7) NEXIT (SYS)LOGINN
 2:01:43 #1(CTMKTG7) RUN (SYS)OPER LIC=775617,,0
 2:01:55 #1(CTMKTG7) SETLIC (SYS)OPER LIC=775617,,10
 2:01:55 #1(CTMKTG7) NEXIT (SYS)OPER
 2:02:17 #1(CTMKTG7) RUN (SYS)RPG LIC=2010,,10
 2:02:18 #1(CTMKTG7) RUN (SYS)LISTER LIC=12,,10
 2:04:10 #1(CTMKTG7) RUN (SYS)LOGOUT LIC=547010,,10
 2:04:11 #1(CTMKTG7) LOGOUT
 2:08:27 #1(CTMKTG7) LOGIN 647:153 TID=AUX
 2:08:27 #1(CTMKTG7) NEXIT (SYS)LOGINN
 2:08:49 #1(CTMKTG7) RUN (SYS)OPER LIC=775617,,0
 2:08:55 #1(CTMKTG7) SETLIC (SYS)OPER LIC=775617,,10
 2:08:55 #1(CTMKTG7) NEXIT (SYS)OPER
 2:09:01 #1(CTMKTG7) RUN (SYS)RPG LIC=2010,,10
 2:09:01 #1(CTMKTG7) RUN (SYS)DIRIT LIC=10,,10
 2:09:02 #1(CTMKTG7) PUTLSA (SYS)DED LIC=0,,0
 2:09:02 #1(CTMKTG7) NEXIT (SYS)DIRIT
 2:09:22 #1(CTMKTG7) RUN (SYS)RPG LIC=2010,,10
 2:09:23 #1(CTMKTG7) RUN (SYS)LISTER LIC=12,,10
 2:10:13 #1(CTMKTG7) RUN (SYS)SYSTAT LIC=402010,,10
 2:10:14 #1(CTMKTG7) SETNAM SYSNO
 2:10:38 #1(CTMKTG7) RUN (SYS)RPG LIC=2010,,10
 2:10:38 #1(CTMKTG7) RUN (SYS)LISTER LIC=12,,10
 2:11:27 #1(CTMKTG7) RUN (SYS)LOGOUT LIC=547010,,10
 2:11:27 #1(CTMKTG7) LOGOUT
 2:18:26 #1(CTMKTG7) LOGIN 647:141 TID=AUX
 2:18:26 #1(CTMKTG7) NEXIT (SYS)LOGINN
 2:18:27 #1(CTMKTG7) RUN (SYS)OPER LIC=775617,,0
 2:18:33 #1(CTMKTG7) SETLIC (SYS)OPER LIC=775617,,10
 2:18:34 #1(CTMKTG7) NEXIT (SYS)OPER
 2:18:41 #1(CTMKTG7) RUN (SYS)TELECO LIC=10,,10
 2:23:19 #1(CTMKTG7) NEXIT (SYS)TELECO
 2:24:47 #1(CTMKTG7) RUN (SYS)LOGOUT LIC=547010,,10
 2:24:48 #1(CTMKTG7) LOGOUT
 2:26:31 #1(CTMKTG7) LOGIN 647:145 TID=AUX
 2:26:31 #1(CTMKTG7) NEXIT (SYS)LOGINN
 2:27:22 #1(CTMKTG7) RUN (SYS)LOGOUT LIC=547000,,0
 2:27:23 #1(CTMKTG7) LOGOUT
 8:34:44 #5(CTMKTG7) LOGIN 647:144 TID=AUX
 8:34:44 #5(CTMKTG7) NEXIT (SYS)LOGINN
 8:34:53 #5(CTMKTG7) RUN (SYS)OPER LIC=775617,,0
 8:35:03 #5(CTMKTG7) SETLIC (SYS)OPER LIC=775617,,10
 8:35:03 #5(CTMKTG7) NEXIT (SYS)OPER
 8:35:10 #5(CTMKTG7) RUN (SYS)TELECO LIC=10,,10
 8:36:32 #5(CTMKTG7) NEXIT (SYS)TELECO
 8:36:44 #5(CTMKTG7) RUN (SYS)LOGOUT LIC=547010,,10
 8:36:44 #5(CTMKTG7) LOGOUT
[ NOV 19,82 ]
 1:18:05 #5(CTMKTG7) LOGIN 625:35 TID=A
 1:18:05 #5(CTMKTG7) NEXIT (SYS)LOGINN
 1:18:19 #5(CTMKTG7) RUN (SYS)OPER LIC=775617,,0
 1:18:26 #5(CTMKTG7) SETLIC (SYS)OPER LIC=775617,,10
 1:18:26 #5(CTMKTG7) NEXIT (SYS)OPER
 1:18:31 #5(CTMKTG7) RUN (SYS)INFO LIC=10,,10
 1:18:34 #5(CTMKTG7) RUN (MONDOC)INFO LIC=10,,10
 1:18:47 #5(CTMKTG7) RUN (SYS)RPG LIC=2010,,10
 1:18:49 #5(CTMKTG7) NEXIT (SYS)RPG
 1:18:55 #5(CTMKTG7) RUN (SYS)GFD LIC=5010,,10
 1:18:56 #5(CTMKTG7) NEXIT (SYS)GFD
 1:19:02 #5(CTMKTG7) RUN (SYS)RPG LIC=2010,,10
 1:19:02 #5(CTMKTG7) NEXIT (SYS)RPG
 1:19:09 #5(CTMKTG7) RUN (SYS)RPG LIC=2010,,10
 1:19:09 #5(CTMKTG7) RUN (SYS)DIRIT LIC=10,,10
 1:19:09 #5(CTMKTG7) PUTLSA (SYS)KS2020 LIC=0,,0
 1:19:52 #5(CTMKTG7) NEXIT (SYS)DIRIT
 1:20:10 #5(CTMKTG7) RUN (SYS)RPG LIC=2010,,10
 1:20:11 #5(CTMKTG7) RUN (SYS)LISTER LIC=12,,10
 1:21:05 #5(CTMKTG7) RUN (SYS)RPG LIC=2010,,10
 1:21:05 #5(CTMKTG7) RUN (SYS)LISTER LIC=12,,10
 1:21:25 #5(CTMKTG7) NEXIT (SYS)LISTER
 1:21:57 #5(CTMKTG7) RUN (SYS)RPG LIC=2010,,10
 1:21:58 #5(CTMKTG7) NEXIT (SYS)RPG
 1:22:23 #5(CTMKTG7) RUN (SYS)INFO LIC=10,,10
 1:22:25 #5(CTMKTG7) RUN (MONDOC)INFO LIC=10,,10
 1:27:41 #5(CTMKTG7) RUN (SYS)INFO LIC=10,,10
 1:27:43 #5(CTMKTG7) RUN (MONDOC)INFO LIC=10,,10
 1:31:12 #5(CTMKTG7) NEXIT (MONDOC)INFO
 1:31:17 #5(CTMKTG7) RUN (SYS)LOGOUT LIC=547010,,10
 1:31:18 #5(CTMKTG7) LOGOUT
 1:40:40 #1(CTMKTG7) LOGIN 1125:72 TID=1200
 1:40:40 #1(CTMKTG7) NEXIT (SYS)LOGINN
 1:40:47 #1(CTMKTG7) RUN (SYS)OPER LIC=775617,,0
 1:40:56 #1(CTMKTG7) SETLIC (SYS)OPER LIC=775617,,10
 1:40:56 #1(CTMKTG7) NEXIT (SYS)OPER
 1:41:00 #1(CTMKTG7) RUN (SYS)INFO LIC=10,,10
 1:41:02 #1(CTMKTG7) RUN (MONDOC)INFO LIC=10,,10
 1:57:10 #1(CTMKTG7) NEXIT (MONDOC)INFO
 1:57:26 #1(CTMKTG7) RUN (SYS)INFO LIC=10,,10
 1:57:30 #1(CTMKTG7) RUN (MONDOC)INFO LIC=10,,10
 1:58:28 #1(CTMKTG7) NEXIT (MONDOC)INFO
 1:58:32 #1(CTMKTG7) RUN (SYS)INFO LIC=10,,10
 1:58:34 #1(CTMKTG7) RUN (MONDOC)INFO LIC=10,,10
 1:59:03 #1(CTMKTG7) RUN (SYS)RPG LIC=2010,,10
 1:59:03 #1(CTMKTG7) RUN (SYS)DIRIT LIC=10,,10
 1:59:04 #1(CTMKTG7) PUTLSA (SYS)MONDOC LIC=0,,0
 1:59:18 #1(CTMKTG7) NEXIT (SYS)DIRIT
 1:59:40 #1(CTMKTG7) RUN (SYS)RPG LIC=2010,,10
 1:59:41 #1(CTMKTG7) NEXIT (SYS)RPG
 1:59:45 #1(CTMKTG7) RUN (SYS)TIO LIC=10,,10
 1:59:55 #1(CTMKTG7) NEXIT (SYS)TIO
 1:59:58 #1(CTMKTG7) RUN (SYS)RPG LIC=2010,,10
 1:59:59 #1(CTMKTG7) RUN (SYS)DIRIT LIC=10,,10
 1:59:59 #1(CTMKTG7) NEXIT (SYS)DIRIT
 2:00:21 #1(CTMKTG7) RUN (SYS)TIO LIC=10,,10
 2:02:57 #1(CTMKTG7) RUN (SYS)LOGOUT LIC=547010,,10
 2:02:58 #1(CTMKTG7) LOGOUT
 4:41:18 #3(CTMKTG7) LOGIN 64:30 TID=AUX
 4:41:19 #3(CTMKTG7) NEXIT (SYS)LOGINN
 4:41:30 #3(CTMKTG7) RUN (SYS)OPER LIC=775617,,0
 4:41:35 #3(CTMKTG7) SETLIC (SYS)OPER LIC=775617,,10
 4:41:35 #3(CTMKTG7) NEXIT (SYS)OPER
 4:41:42 #3(CTMKTG7) RUN (SYS)SZRPT LIC=10,,10
 4:45:57 #3(CTMKTG7) EXIT (SYS)SZRPT
 4:49:01 #3(CTMKTG7) RUN (SYS)RPG LIC=2010,,10
 4:49:02 #3(CTMKTG7) RUN (SYS)DIRIT LIC=10,,10
 4:49:02 #3(CTMKTG7) PUTLSA (SYS)CRASH LIC=0,,0
 4:49:03 #3(CTMKTG7) NEXIT (SYS)DIRIT
 4:49:29 #3(CTMKTG7) RUN (SYS)RPG LIC=2010,,10
 4:49:29 #3(CTMKTG7) RUN (SYS)DIRIT LIC=10,,10
 4:49:30 #3(CTMKTG7) PUTLSA (SYS)CRASH LIC=0,,0
 4:49:30 #3(CTMKTG7) NEXIT (SYS)DIRIT
 4:50:14 #3(CTMKTG7) RUN (SYS)RPG LIC=2010,,10
 4:50:15 #3(CTMKTG7) RUN (SYS)DIRIT LIC=10,,10
 4:50:15 #3(CTMKTG7) PUTLSA (SYS)OSB LIC=0,,0
 4:50:15 #3(CTMKTG7) NEXIT (SYS)DIRIT
 4:50:22 #3(CTMKTG7) RUN (SYS)RPG LIC=2010,,10
 4:50:22 #3(CTMKTG7) RUN (SYS)DIRIT LIC=10,,10
 4:50:22 #3(CTMKTG7) PUTLSA (SYS)OSB LIC=0,,0
 4:50:26 #3(CTMKTG7) NEXIT (SYS)DIRIT
 4:51:36 #3(CTMKTG7) RUN (SYS)RPG LIC=2010,,10
 4:51:36 #3(CTMKTG7) RUN (SYS)DIRIT LIC=10,,10
 4:51:36 #3(CTMKTG7) PUTLSA (SYS)OSP LIC=0,,0
 4:51:46 #3(CTMKTG7) NEXIT (SYS)DIRIT
 4:54:00 #3(CTMKTG7) RUN (SYS)LOGOUT LIC=547010,,10
 4:54:01 #3(CTMKTG7) LOGOUT
 4:54:43 #3(CTMKTG7) LOGIN 64:30 TID=AUX
 4:54:44 #3(CTMKTG7) NEXIT (SYS)LOGINN
 4:55:00 #3(CTMKTG7) RUN (SYS)RPG LIC=2000,,0
 4:55:01 #3(CTMKTG7) RUN (SYS)DIRIT
 4:55:01 #3(CTMKTG7) NEXIT (SYS)DIRIT
 4:55:08 #3(CTMKTG7) RUN (SYS)OPER LIC=775617,,0
 4:55:13 #3(CTMKTG7) SETLIC (SYS)OPER LIC=775617,,10
 4:55:13 #3(CTMKTG7) NEXIT (SYS)OPER
 4:55:16 #3(CTMKTG7) RUN (SYS)RPG LIC=2010,,10
 4:55:16 #3(CTMKTG7) RUN (SYS)DIRIT LIC=10,,10
 4:55:16 #3(CTMKTG7) PUTLSA (SYS)XXARC LIC=0,,0
 4:55:17 #3(CTMKTG7) NEXIT (SYS)DIRIT
 4:56:03 #3(CTMKTG7) RUN (SYS)RPG LIC=2010,,10
 4:56:04 #3(CTMKTG7) RUN (SYS)LISTER LIC=12,,10
 4:57:19 #3(CTMKTG7) RUN (SYS)RPG LIC=2010,,10
 4:57:19 #3(CTMKTG7) NEXIT (SYS)RPG
 4:57:26 #3(CTMKTG7) RUN (SYS)RPG LIC=2010,,10
 4:57:26 #3(CTMKTG7) RUN (SYS)DIRIT LIC=10,,10
 4:57:27 #3(CTMKTG7) PUTLSA (SYS)KSBACK LIC=0,,0
 4:57:28 #3(CTMKTG7) NEXIT (SYS)DIRIT
 4:58:54 #3(CTMKTG7) RUN (SYS)RPG LIC=2010,,10
 4:58:54 #3(CTMKTG7) RUN (SYS)LISTER LIC=12,,10
 4:58:56 #3(CTMKTG7) NEXIT (SYS)LISTER
 5:00:28 #3(CTMKTG7) RUN (SYS)RPG LIC=2010,,10
 5:00:28 #3(CTMKTG7) NEXIT (SYS)RPG
 5:00:46 #3(CTMKTG7) RUN (SYS)RPG LIC=2010,,10
 5:00:46 #3(CTMKTG7) RUN (SYS)LISTER LIC=12,,10
 5:00:47 #3(CTMKTG7) NEXIT (SYS)LISTER
 5:01:05 #3(CTMKTG7) RUN (SYS)SYSTAT LIC=402010,,10
 5:01:05 #3(CTMKTG7) SETNAM SYSNO
 5:01:13 #3(CTMKTG7) RUN (SYS)LOGOUT LIC=547010,,10
 5:01:14 #3(CTMKTG7) LOGOUT
 5:10:31 #3(CTMKTG7) LOGIN 1125:76 TID=A
 5:10:31 #3(CTMKTG7) NEXIT (SYS)LOGINN
 5:10:32 #3(CTMKTG7) RUN (SYS)OPPS LIC=403000,,0
 5:11:27 #3(CTMKTG7) RUN (SYS)LOGOUT LIC=547000,,0
 5:11:28 #3(CTMKTG7) LOGOUT
 7:01:32 #5(CTMKTG7) LOGIN 1125:75 TID=A
 7:01:33 #5(CTMKTG7) NEXIT (SYS)LOGINN
 7:01:36 #5(CTMKTG7) RUN (SYS)LOGOUT LIC=547000,,0
 7:01:37 #5(CTMKTG7) LOGOUT
13:17:44 #7(CTMKTG7) LOGIN 213:35 TID=A
13:17:45 #7(CTMKTG7) NEXIT (SYS)LOGINN
13:17:54 #7(CTMKTG7) RUN (SYS)RPG LIC=2000,,0
13:17:55 #7(CTMKTG7) RUN (SYS)DIRIT
13:17:55 #7(CTMKTG7) PUTLSA (SYS)*6NEWS LIC=0,,0
13:17:56 #7(CTMKTG7) NEXIT (SYS)DIRIT
13:18:07 #7(CTMKTG7) RUN (SYS)OPER LIC=775617,,0
13:18:11 #7(CTMKTG7) SETLIC (SYS)OPER LIC=775617,,10
13:18:11 #7(CTMKTG7) NEXIT (SYS)OPER
13:18:22 #7(CTMKTG7) RUN (SYS)RPG LIC=2010,,10
13:18:22 #7(CTMKTG7) RUN (SYS)DIRIT LIC=10,,10
13:18:22 #7(CTMKTG7) PUTLSA (SYS)*6NEWS LIC=0,,0
13:18:23 #7(CTMKTG7) NEXIT (SYS)DIRIT
13:18:26 #7(CTMKTG7) RUN (SYS)FNDFIL LIC=10,,10
13:20:07 #7(CTMKTG7) EXIT (SYS)FNDFIL
13:21:00 #7(CTMKTG7) RUN (SYS)LOGOUT LIC=547010,,10
13:21:01 #7(CTMKTG7) LOGOUT
13:22:37 #7(CTMKTG7) LOGIN 1123:35 TID=1200
13:22:37 #7(CTMKTG7) NEXIT (SYS)LOGINN
13:22:59 #7(CTMKTG7) RUN (SYS)OPER LIC=775617,,0
13:23:08 #7(CTMKTG7) NEXIT (SYS)OPER
13:23:18 #7(CTMKTG7) RUN (SYS)OPER LIC=775617,,0
13:23:27 #7(CTMKTG7) NEXIT (SYS)OPER
13:23:31 #7(CTMKTG7) RUN (SYS)OPER LIC=775617,,0
13:23:52 #7(CTMKTG7) NEXIT (SYS)OPER
13:23:56 #7(CTMKTG7) RUN (SYS)OPER LIC=775617,,0
13:24:06 #7(CTMKTG7) NEXIT (SYS)OPER
13:24:16 #7(CTMKTG7) RUN (SYS)OPER LIC=775617,,0
13:24:30 #7(CTMKTG7) SETLIC (SYS)OPER LIC=775617,,10
13:24:30 #7(CTMKTG7) NEXIT (SYS)OPER
13:25:08 #7(CTMKTG7) RUN (SYS)RPG LIC=2010,,10
13:25:09 #7(CTMKTG7) RUN (SYS)LISTER LIC=12,,10
13:26:17 #7(CTMKTG7) NEXIT (SYS)LISTER
13:30:59 #7(CTMKTG7) RUN (SYS)RPG LIC=2010,,10
13:30:59 #7(CTMKTG7) RUN (SYS)LISTER LIC=12,,10
13:31:01 #7(CTMKTG7) NEXIT (SYS)LISTER
13:31:23 #7(CTMKTG7) RUN (SYS)LOGOUT LIC=547010,,10
13:31:24 #7(CTMKTG7) LOGOUT
[ NOV 22,82 ]
 2:32:53 #5(CTMKTG1) LOGIN 1125:35 TID=1200
 2:32:54 #5(CTMKTG1) NEXIT (SYS)LOGINN
 2:32:59 #5(CTMKTG1) RUN (SYS)OPER LIC=775617,,0
 2:33:07 #5(CTMKTG1) SETLIC (SYS)OPER LIC=775617,,10
 2:33:07 #5(CTMKTG1) NEXIT (SYS)OPER
 2:33:22 #5(CTMKTG1) RUN (SYS)RPG LIC=2010,,10
 2:33:23 #5(CTMKTG1) RUN (SYS)DIRIT LIC=10,,10
 2:33:23 #5(CTMKTG1) PUTLSA (SYS)MCH LIC=0,,0
 2:33:24 #5(CTMKTG1) NEXIT (SYS)DIRIT
 2:33:36 #5(CTMKTG1) RUN (SYS)INFO LIC=10,,10
 2:33:38 #5(CTMKTG1) RUN (MONDOC)INFO LIC=10,,10
 2:37:10 #5(CTMKTG1) NEXIT (MONDOC)INFO
 2:37:15 #5(CTMKTG1) RUN (SYS)RPG LIC=2010,,10
 2:37:16 #5(CTMKTG1) NEXIT (SYS)RPG
 2:37:30 #5(CTMKTG1) RUN (SYS)RPG LIC=2010,,10
 2:37:30 #5(CTMKTG1) RUN (SYS)DIRIT LIC=10,,10
 2:37:31 #5(CTMKTG1) NEXIT (SYS)DIRIT
 2:37:41 #5(CTMKTG1) RUN (SYS)RPG LIC=2010,,10
 2:37:41 #5(CTMKTG1) RUN (SYS)LISTER LIC=12,,10
 2:38:49 #5(CTMKTG1) NEXIT (SYS)LISTER
 2:39:19 #5(CTMKTG1) RUN (SYS)RPG LIC=2010,,10
 2:39:20 #5(CTMKTG1) RUN (SYS)DIRIT LIC=10,,10
 2:39:20 #5(CTMKTG1) NEXIT (SYS)DIRIT
 2:44:38 #5(CTMKTG1) RUN (SYS)LOGOUT LIC=547010,,10
 2:44:39 #5(CTMKTG1) LOGOUT
[ NOV 23,82 ]
 3:22:06 #1(CTMKTG1) LOGIN 1125:65 TID=1200
 3:22:06 #1(CTMKTG1) NEXIT (SYS)LOGINN
 3:22:07 #1(CTMKTG1) RUN (SYS)OPER LIC=775617,,0
 3:22:08 #1(CTMKTG1) SETLIC (SYS)OPER LIC=775617,,10
 3:22:08 #1(CTMKTG1) NEXIT (SYS)OPER
 3:22:11 #1(CTMKTG1) RUN (SYS)SYSTAT LIC=402010,,10
 3:22:11 #1(CTMKTG1) SETNAM WHO
 3:22:21 #1(CTMKTG1) RUN (SYS)RPG LIC=2010,,10
 3:22:22 #1(CTMKTG1) RUN (SYS)DIRIT LIC=10,,10
 3:22:23 #1(CTMKTG1) PUTLSA (SYS)MPL LIC=0,,0
 3:22:24 #1(CTMKTG1) NEXIT (SYS)DIRIT
 3:22:38 #1(CTMKTG1) RUN (SYS)RPG LIC=2010,,10
 3:22:38 #1(CTMKTG1) RUN (SYS)LISTER LIC=12,,10
 3:22:40 #1(CTMKTG1) NEXIT (SYS)LISTER
 3:23:23 #1(CTMKTG1) RUN (MPL)ICP LIC=202010,,10
 3:24:16 #1(CTMKTG1) NEXIT (MPL)ICP
 3:24:25 #1(CTMKTG1) RUN (SYS)RPG LIC=2010,,10
 3:24:26 #1(CTMKTG1) RUN (SYS)LISTER LIC=12,,10
 3:35:53 #1(CTMKTG1) NEXIT (SYS)LISTER
 3:36:22 #1(CTMKTG1) RUN (SYS)RPG LIC=2010,,10
 3:36:23 #1(CTMKTG1) RUN (SYS)LISTER LIC=12,,10
 3:37:09 #1(CTMKTG1) NEXIT (SYS)LISTER
 3:37:41 #1(CTMKTG1) RUN (SYS)RPG LIC=2010,,10
 3:37:42 #1(CTMKTG1) RUN (SYS)DIRIT LIC=10,,10
 3:37:43 #1(CTMKTG1) PUTLSA (SYS)MPL LIC=0,,0
 3:37:44 #1(CTMKTG1) NEXIT (SYS)DIRIT
 3:37:55 #1(CTMKTG1) RUN (SYS)RPG LIC=2010,,10
 3:37:57 #1(CTMKTG1) RUN (SYS)LISTER LIC=12,,10
 3:38:34 #1(CTMKTG1) NEXIT (SYS)LISTER
 3:39:04 #1(CTMKTG1) RUN (SYS)LOGOUT LIC=547010,,10
 3:39:05 #1(CTMKTG1) LOGOUT
[ NOV 24,82 ]
 3:21:53 #3(CTMKTG1) LOGIN 1125:62 TID=1200
 3:21:53 #3(CTMKTG1) PJC=JAY ATHENES8,VFY=0
 3:21:53 #3(CTMKTG1) NEXIT (SYS)LOGINN
 3:21:59 #3(CTMKTG1) RUN (SYS)LOGOUT LIC=547000,,0
 3:22:00 #3(CTMKTG1) LOGOUT
[ NOV 25,82 ]
 4:04:13 #3(CTMKTG1) LOGIN 1125:14 TID=1200
 4:04:14 #3(CTMKTG1) NEXIT (SYS)LOGINN
 4:04:17 #3(CTMKTG1) RUN (SYS)OPER LIC=775617,,0
 4:04:19 #3(CTMKTG1) SETLIC (SYS)OPER LIC=775617,,10
 4:04:19 #3(CTMKTG1) NEXIT (SYS)OPER
 4:04:23 #3(CTMKTG1) RUN (SYS)INFO LIC=10,,10
 4:04:26 #3(CTMKTG1) RUN (MONDOC)INFO LIC=10,,10
 4:12:09 #3(CTMKTG1) NEXIT (MONDOC)INFO
 4:12:14 #3(CTMKTG1) RUN (SYS)RPG LIC=2010,,10
 4:12:15 #3(CTMKTG1) RUN (SYS)DIRIT LIC=10,,10
 4:12:15 #3(CTMKTG1) PUTLSA (SYS)WRS LIC=0,,0
 4:12:43 #3(CTMKTG1) RUN (SYS)RPG LIC=2010,,10
 4:12:43 #3(CTMKTG1) RUN (SYS)LISTER LIC=12,,10
 4:12:59 #3(CTMKTG1) RUN (SYS)RPG LIC=2010,,10
 4:12:59 #3(CTMKTG1) RUN (SYS)LISTER LIC=12,,10
 4:15:34 #3(CTMKTG1) RUN (SYS)RPG LIC=2010,,10
 4:15:34 #3(CTMKTG1) RUN (SYS)DIRIT LIC=10,,10
 4:15:34 #3(CTMKTG1) PUTLSA (SYS)WRS LIC=0,,0
 4:15:36 #3(CTMKTG1) NEXIT (SYS)DIRIT
 4:15:51 #3(CTMKTG1) RUN (SYS)RPG LIC=2010,,10
 4:15:51 #3(CTMKTG1) RUN (SYS)LISTER LIC=12,,10
 4:20:56 #3(CTMKTG1) NEXIT (SYS)LISTER
 4:21:40 #3(CTMKTG1) RUN (SYS)LOGOUT LIC=547010,,10
 4:21:41 #3(CTMKTG1) LOGOUT
 6:22:34 #3(CTMKTG1) LOGIN 1123:64 TID=A
 6:22:35 #3(CTMKTG1) NEXIT (SYS)LOGINN
 6:22:35 #3(CTMKTG1) RUN (SYS)OPER LIC=775617,,0
 6:22:39 #3(CTMKTG1) SETLIC (SYS)OPER LIC=775617,,10
 6:22:39 #3(CTMKTG1) NEXIT (SYS)OPER
 6:22:44 #3(CTMKTG1) RUN (SYS)SYSTAT LIC=402010,,10
 6:22:44 #3(CTMKTG1) SETNAM WHO
 6:22:52 #3(CTMKTG1) RUN (SYS)RPG LIC=2010,,10
 6:22:52 #3(CTMKTG1) RUN (SYS)DIRIT LIC=10,,10
 6:22:53 #3(CTMKTG1) PUTLSA (SYS)MCH LIC=0,,0
 6:22:58 #3(CTMKTG1) NEXIT (SYS)DIRIT
 6:23:18 #3(CTMKTG1) RUN (SYS)RPG LIC=2010,,10
 6:23:18 #3(CTMKTG1) RUN (SYS)LISTER LIC=12,,10
 6:24:55 #3(CTMKTG1) RUN (SYS)RPG LIC=2010,,10
 6:24:56 #3(CTMKTG1) RUN (SYS)LISTER LIC=12,,10
 6:25:55 #3(CTMKTG1) RUN (SYS)RPG LIC=2010,,10
 6:25:56 #3(CTMKTG1) RUN (SYS)DIRIT LIC=10,,10
 6:25:56 #3(CTMKTG1) PUTLSA (SYS)CARL LIC=0,,0
 6:26:19 #3(CTMKTG1) RUN (SYS)RPG LIC=2010,,10
 6:26:19 #3(CTMKTG1) RUN (SYS)LISTER LIC=12,,10
 6:27:24 #3(CTMKTG1) RUN (SYS)RPG LIC=2010,,10
 6:27:25 #3(CTMKTG1) RUN (SYS)LISTER LIC=12,,10
 6:29:20 #3(CTMKTG1) RUN (SYS)RPG LIC=2010,,10
 6:29:20 #3(CTMKTG1) RUN (SYS)DIRIT LIC=10,,10
 6:29:21 #3(CTMKTG1) PUTLSA (SYS)MCH LIC=0,,0
 6:29:21 #3(CTMKTG1) NEXIT (SYS)DIRIT
 6:29:39 #3(CTMKTG1) RUN (SYS)RPG LIC=2010,,10
 6:29:40 #3(CTMKTG1) RUN (SYS)LISTER LIC=12,,10
 6:29:40 #3(CTMKTG1) NEXIT (SYS)LISTER
 6:29:52 #3(CTMKTG1) RUN (SYS)RPG LIC=2010,,10
 6:29:52 #3(CTMKTG1) RUN (SYS)DIRIT LIC=10,,10
 6:29:52 #3(CTMKTG1) PUTLSA (SYS)KEN LIC=0,,0
 6:29:57 #3(CTMKTG1) NEXIT (SYS)DIRIT
 6:30:05 #3(CTMKTG1) RUN (SYS)RPG LIC=2010,,10
 6:30:06 #3(CTMKTG1) RUN (SYS)LISTER LIC=12,,10
 6:30:25 #3(CTMKTG1) RUN (SYS)RPG LIC=2010,,10
 6:30:25 #3(CTMKTG1) RUN (SYS)LISTER LIC=12,,10
 6:37:23 #3(CTMKTG1) RUN (SYS)RPG LIC=2010,,10
 6:37:24 #3(CTMKTG1) RUN (SYS)DIRIT LIC=10,,10
 6:37:24 #3(CTMKTG1) PUTLSA (SYS)ADELE LIC=0,,0
 6:38:18 #3(CTMKTG1) RUN (SYS)RPG LIC=2010,,10
 6:38:18 #3(CTMKTG1) RUN (SYS)LISTER LIC=12,,10
 6:40:03 #3(CTMKTG1) NEXIT (SYS)LISTER
 6:40:21 #3(CTMKTG1) RUN (SYS)RPG LIC=2010,,10
 6:40:21 #3(CTMKTG1) RUN (SYS)DIRIT LIC=10,,10
 6:40:21 #3(CTMKTG1) PUTLSA (SYS)SDANIE LIC=0,,0
 6:40:44 #3(CTMKTG1) RUN (SYS)RPG LIC=2010,,10
 6:40:44 #3(CTMKTG1) RUN (SYS)LISTER LIC=12,,10
 6:42:28 #3(CTMKTG1) RUN (SYS)RPG LIC=2010,,10
 6:42:29 #3(CTMKTG1) RUN (SYS)DIRIT LIC=10,,10
 6:42:29 #3(CTMKTG1) PUTLSA (SYS)TJB LIC=0,,0
 6:42:30 #3(CTMKTG1) NEXIT (SYS)DIRIT
 6:42:39 #3(CTMKTG1) RUN (SYS)RPG LIC=2010,,10
 6:42:40 #3(CTMKTG1) RUN (SYS)DIRIT LIC=10,,10
 6:42:40 #3(CTMKTG1) PUTLSA (SYS)DARREN LIC=0,,0
 6:42:41 #3(CTMKTG1) NEXIT (SYS)DIRIT
 6:42:58 #3(CTMKTG1) RUN (SYS)RPG LIC=2010,,10
 6:42:58 #3(CTMKTG1) RUN (SYS)LISTER LIC=12,,10
 6:43:27 #3(CTMKTG1) NEXIT (SYS)LISTER
 6:44:25 #3(CTMKTG1) RUN (SYS)RPG LIC=2010,,10
 6:44:25 #3(CTMKTG1) RUN (SYS)DIRIT LIC=10,,10
 6:44:25 #3(CTMKTG1) PUTLSA (SYS)DARREN LIC=0,,0
 6:45:04 #3(CTMKTG1) RUN (SYS)RPG LIC=2010,,10
 6:45:05 #3(CTMKTG1) RUN (SYS)LISTER LIC=12,,10
 6:45:12 #3(CTMKTG1) NEXIT (SYS)LISTER
 6:45:26 #3(CTMKTG1) RUN (SYS)RPG LIC=2010,,10
 6:45:27 #3(CTMKTG1) RUN (SYS)DIRIT LIC=10,,10
 6:45:27 #3(CTMKTG1) PUTLSA (SYS)TSUCOO LIC=0,,0
 6:45:28 #3(CTMKTG1) NEXIT (SYS)DIRIT
 6:50:20 #3(CTMKTG1) RUN (SYS)RPG LIC=2010,,10
 6:50:20 #3(CTMKTG1) RUN (SYS)LISTER LIC=12,,10
 6:52:03 #3(CTMKTG1) RUN (SYS)RPG LIC=2010,,10
 6:52:04 #3(CTMKTG1) RUN (SYS)LISTER LIC=12,,10
 6:52:25 #3(CTMKTG1) RUN (SYS)RPG LIC=2010,,10
 6:52:26 #3(CTMKTG1) RUN (SYS)LISTER LIC=12,,10
 6:52:41 #3(CTMKTG1) RUN (SYS)RPG LIC=2010,,10
 6:52:41 #3(CTMKTG1) RUN (SYS)LISTER LIC=12,,10
 7:02:03 #3(CTMKTG1) RUN (SYS)LOGOUT LIC=547010,,10
 7:02:03 #3(CTMKTG1) LOGOUT
[ NOV 29,82 ]
 7:30:16 #7(CTMKTG7) LOGIN 234:133 TID=AUX
 7:30:16 #7(CTMKTG7) NEXIT (SYS)LOGINN
 7:30:27 #7(CTMKTG7) RUN (DWS)PEAK
 7:30:50 #7(CTMKTG7) RUN (SYS)PEAK
 7:31:09 #7(CTMKTG7) EXIT (SYS)PEAK
 7:31:21 #7(CTMKTG7) RUN (SYS)RPG LIC=2000,,0
 7:31:24 #7(CTMKTG7) RUN (SYS)PIP
 7:31:24 #7(CTMKTG7) NEXIT (SYS)PIP
 7:31:33 #7(CTMKTG7) RUN (SYS)OPER LIC=775617,,0
 7:31:38 #7(CTMKTG7) NEXIT (SYS)OPER
 7:31:56 #7(CTMKTG7) RUN (SYS)OPER LIC=775617,,0
 7:32:07 #7(CTMKTG7) NEXIT (SYS)OPER
 7:32:13 #7(CTMKTG7) RUN (SYS)OPER LIC=775617,,0
 7:32:17 #7(CTMKTG7) SETLIC (SYS)OPER LIC=775617,,10
 7:32:17 #7(CTMKTG7) NEXIT (SYS)OPER
 7:32:35 #7(CTMKTG7) RUN (SYS)RPG LIC=2010,,10
 7:32:36 #7(CTMKTG7) RUN (SYS)PIP LIC=10,,10
 7:32:45 #7(CTMKTG7) NEXIT (SYS)PIP
 7:32:47 #7(CTMKTG7) RUN (SYS)TELAID LIC=10,,10
 7:33:10 #7(CTMKTG7) EXIT (SYS)TELAID
 7:33:22 #7(CTMKTG7) RUN (SYS)TELECO LIC=10,,10
 7:38:56 #7(CTMKTG7) RUN (SYS)LOGOUT LIC=547010,,10
 7:38:56 #7(CTMKTG7) LOGOUT
[ NOV 30,82 ]
 9:58:37 #11(CTMKTG7) LOGIN 647:160 TID=AUX
 9:58:37 #11(CTMKTG7) NEXIT (SYS)LOGINN
 9:58:43 #11(CTMKTG7) RUN (SYS)LOGOUT LIC=547000,,0
 9:58:43 #11(CTMKTG7) LOGOUT
10:18:01 #17(CTMKTG7) LOGIN 213:33 TID=AUX
10:18:02 #17(CTMKTG7) NEXIT (SYS)LOGINN
10:18:16 #17(CTMKTG7) RUN (SYS)OPER LIC=775617,,0
10:18:23 #17(CTMKTG7) SETLIC (SYS)OPER LIC=775617,,10
10:18:23 #17(CTMKTG7) NEXIT (SYS)OPER
10:18:33 #17(CTMKTG7) RUN (SYS)RPG LIC=2010,,10
10:18:33 #17(CTMKTG7) RUN (SYS)LISTER LIC=12,,10
10:18:41 #17(CTMKTG7) NEXIT (SYS)LISTER
10:19:28 #17(CTMKTG7) RUN (SYS)RPG LIC=2010,,10
10:19:28 #17(CTMKTG7) RUN (SYS)LISTER LIC=12,,10
10:19:31 #17(CTMKTG7) NEXIT (SYS)LISTER
10:20:18 #17(CTMKTG7) RUN (SYS)RPG LIC=2010,,10
10:20:18 #17(CTMKTG7) NEXIT (SYS)RPG
10:20:25 #17(CTMKTG7) RUN (SYS)RPG LIC=2010,,10
10:20:25 #17(CTMKTG7) NEXIT (SYS)RPG
10:20:32 #17(CTMKTG7) RUN (SYS)RPG LIC=2010,,10
10:20:33 #17(CTMKTG7) NEXIT (SYS)RPG
10:20:41 #17(CTMKTG7) RUN (SYS)RPG LIC=2010,,10
10:20:42 #17(CTMKTG7) RUN (SYS)DIRIT LIC=10,,10
10:20:42 #17(CTMKTG7) PUTLSA (SYS)SDANIE LIC=0,,0
10:22:28 #17(CTMKTG7) NEXIT (SYS)DIRIT
10:24:52 #17(CTMKTG7) RUN (SYS)RPG LIC=2010,,10
10:24:52 #17(CTMKTG7) RUN (SYS)LISTER LIC=12,,10
10:24:52 #17(CTMKTG7) NEXIT (SYS)LISTER
10:25:08 #17(CTMKTG7) RUN (SYS)RPG LIC=2010,,10
10:25:08 #17(CTMKTG7) RUN (SYS)LISTER LIC=12,,10
10:25:10 #17(CTMKTG7) NEXIT (SYS)LISTER
10:25:41 #17(CTMKTG7) RUN (SYS)RPG LIC=2010,,10
10:25:41 #17(CTMKTG7) RUN (SYS)DIRIT LIC=10,,10
10:25:41 #17(CTMKTG7) PUTLSA (SYS)SDANIE LIC=0,,0
10:25:43 #17(CTMKTG7) NEXIT (SYS)DIRIT
10:25:54 #17(CTMKTG7) RUN (SYS)RPG LIC=2010,,10
10:25:55 #17(CTMKTG7) RUN (SYS)LISTER LIC=12,,10
10:26:00 #17(CTMKTG7) NEXIT (SYS)LISTER
10:26:46 #17(CTMKTG7) RUN (SYS)FNDFIL LIC=10,,10
10:28:42 #17(CTMKTG7) EXIT (SYS)FNDFIL
10:28:51 #17(CTMKTG7) RUN (SYS)LOGOUT LIC=547010,,10
10:28:52 #17(CTMKTG7) LOGOUT
[ DEC 6,82 ]
 3:12:42 #1(CTMKTG7) LOGIN 1125:111 TID=A
 3:12:43 #1(CTMKTG7) NEXIT (SYS)LOGINN
 3:13:05 #1(CTMKTG7) RUN (SYS)RPG LIC=2000,,0
 3:13:05 #1(CTMKTG7) RUN (SYS)LISTER LIC=12,,0
 3:13:06 #1(CTMKTG7) NEXIT (SYS)LISTER
 3:13:17 #1(CTMKTG7) RUN (SYS)RPG LIC=2000,,0
 3:13:17 #1(CTMKTG7) RUN (SYS)LISTER LIC=12,,0
 3:13:17 #1(CTMKTG7) NEXIT (SYS)LISTER
 3:13:23 #1(CTMKTG7) RUN (SYS)OPER LIC=775617,,0
 3:13:30 #1(CTMKTG7) SETLIC (SYS)OPER LIC=775617,,10
 3:13:30 #1(CTMKTG7) NEXIT (SYS)OPER
 3:13:35 #1(CTMKTG7) RUN (SYS)OPPS LIC=403010,,10
 3:14:29 #1(CTMKTG7) RUN (SYS)RPG LIC=2010,,10
 3:14:30 #1(CTMKTG7) RUN (SYS)LISTER LIC=12,,10
 3:14:55 #1(CTMKTG7) NEXIT (SYS)LISTER
 3:17:21 #1(CTMKTG7) RUN (SYS)FNDFIL LIC=10,,10
 3:18:58 #1(CTMKTG7) EXIT (SYS)FNDFIL
 3:19:45 #1(CTMKTG7) RUN (SYS)RPG LIC=2010,,10
 3:19:46 #1(CTMKTG7) RUN (SYS)DIRIT LIC=10,,10
 3:19:46 #1(CTMKTG7) PUTLSA (SYS)ADELE LIC=0,,0
 3:19:47 #1(CTMKTG7) NEXIT (SYS)DIRIT
 3:19:58 #1(CTMKTG7) RUN (SYS)RPG LIC=2010,,10
 3:19:58 #1(CTMKTG7) RUN (SYS)DIRIT LIC=10,,10
 3:19:58 #1(CTMKTG7) PUTLSA (SYS)ADELE LIC=0,,0
 3:19:59 #1(CTMKTG7) NEXIT (SYS)DIRIT
 3:20:16 #1(CTMKTG7) RUN (SYS)RPG LIC=2010,,10
 3:20:16 #1(CTMKTG7) RUN (SYS)LISTER LIC=12,,10
 3:21:41 #1(CTMKTG7) RUN (SYS)TELAID LIC=10,,10
 3:22:28 #1(CTMKTG7) RUN (SYS)RPG LIC=2010,,10
 3:22:33 #1(CTMKTG7) RUN (SYS)PEAK LIC=10,,10
 3:22:53 #1(CTMKTG7) RUN (SYS)EDITOR LIC=10,,10
 3:24:11 #1(CTMKTG7) NEXIT (SYS)EDITOR
 3:24:18 #1(CTMKTG7) RUN (SYS)TELECO LIC=10,,10
 3:24:22 #1(CTMKTG7) NEXIT (SYS)TELECO
 3:24:28 #1(CTMKTG7) RUN (SYS)TELECO LIC=10,,10
 3:24:31 #1(CTMKTG7) RUN (SYS)LOGOUT LIC=547010,,10
 3:24:31 #1(CTMKTG7) LOGOUT
 4:56:25 #1(CTMKTG7) LOGIN 1125:111 TID=A
 4:56:26 #1(CTMKTG7) NEXIT (SYS)LOGINN
 4:56:40 #1(CTMKTG7) RUN (SYS)OPER LIC=775617,,0
 4:56:48 #1(CTMKTG7) SETLIC (SYS)OPER LIC=775617,,10
 4:56:48 #1(CTMKTG7) NEXIT (SYS)OPER
 4:57:02 #1(CTMKTG7) RUN (SYS)SYSTAT LIC=402010,,10
 4:57:03 #1(CTMKTG7) SETNAM WHO
 4:57:16 #1(CTMKTG7) RUN (SYS)TELECO LIC=10,,10
 4:59:35 #5(CTMKTG7) LOGIN 647:152 TID=AUX
 4:59:36 #5(CTMKTG7) NEXIT (SYS)LOGINN
 4:59:36 #5(CTMKTG7) RUN (SYS)RPG LIC=2000,,0
 4:59:37 #5(CTMKTG7) RUN (SYS)LISTER LIC=12,,0
 4:59:37 #5(CTMKTG7) NEXIT (SYS)LISTER
 5:00:02 #5(CTMKTG7) RUN (SYS)SYSTAT LIC=402000,,0
 5:00:02 #5(CTMKTG7) SETNAM WHO
 5:00:16 #5(CTMKTG7) RUN (SYS)LOGOUT LIC=547000,,0
 5:00:17 #5(CTMKTG7) LOGOUT
 5:31:23 #1(CTMKTG7) RUN (SYS)LOGOUT LIC=547010,,10
 5:31:23 #1(CTMKTG7) LOGOUT
[ DEC 13,82 ]
 8:12:19 #6(CTMKTG7) LOGIN 213:31 TID=AUX
 8:12:20 #6(CTMKTG7) NEXIT (SYS)LOGINN
 8:12:48 #6(CTMKTG7) RUN (SYS)OPER LIC=775617,,0
 8:12:52 #6(CTMKTG7) NEXIT (SYS)OPER
 8:12:58 #6(CTMKTG7) RUN (SYS)OPER LIC=775617,,0
 8:13:02 #6(CTMKTG7) SETLIC (SYS)OPER LIC=775617,,10
 8:13:02 #6(CTMKTG7) NEXIT (SYS)OPER
 8:13:06 #6(CTMKTG7) RUN (SYS)FNDFIL LIC=10,,10
 8:15:25 #6(CTMKTG7) EXIT (SYS)FNDFIL
 8:16:45 #6(CTMKTG7) RUN (SYS)RPG LIC=2010,,10
 8:16:47 #6(CTMKTG7) RUN (SYS)LISTER LIC=12,,10
 8:16:57 #6(CTMKTG7) NEXIT (SYS)LISTER
 8:19:01 #6(CTMKTG7) RUN (SYS)RPG LIC=2010,,10
 8:19:01 #6(CTMKTG7) RUN (SYS)LISTER LIC=12,,10
 8:20:00 #6(CTMKTG7) RUN (SYS)INFO LIC=10,,10
 8:20:03 #6(CTMKTG7) RUN (MONDOC)INFO LIC=10,,10
 8:27:52 #6(CTMKTG7) RUN (MPL)DIRED LIC=10,,10
 8:28:22 #6(CTMKTG7) RUN (SYS)DIRIT LIC=10,,10
 8:28:24 #6(CTMKTG7) RUN (MPL)DIRED LIC=10,,10
 8:29:05 #6(CTMKTG7) RUN (SYS)LOGOUT LIC=547010,,10
 8:29:06 #6(CTMKTG7) LOGOUT
[ DEC 14,82 ]
 7:08:23 #5(CTMKTG7) LOGIN 1123:30 TID=1200
 7:08:23 #5(CTMKTG7) NEXIT (SYS)LOGINN
 7:08:35 #5(CTMKTG7) RUN (SYS)PEAK
 7:18:46 #5(CTMKTG7) NEXIT (SYS)PEAK
 7:18:50 #5(CTMKTG7) RUN (SYS)LOGOUT LIC=547000,,0
 7:18:51 #5(CTMKTG7) LOGOUT
[ DEC 17,82 ]
 9:18:49 #11(CTMKTG1) LOGIN 1123:31 TID=1200
 9:18:49 #11(CTMKTG1) NEXIT (SYS)LOGINN
 9:18:52 #11(CTMKTG1) RUN (SYS)OPER LIC=775617,,0
 9:18:55 #11(CTMKTG1) SETLIC (SYS)OPER LIC=775617,,10
 9:18:55 #11(CTMKTG1) NEXIT (SYS)OPER
 9:19:02 #11(CTMKTG1) RUN (SYS)RPG LIC=2010,,10
 9:19:03 #11(CTMKTG1) RUN (SYS)DIRIT LIC=10,,10
 9:19:03 #11(CTMKTG1) PUTLSA (SYS)KS2020 LIC=0,,0
 9:19:18 #11(CTMKTG1) NEXIT (SYS)DIRIT
 9:19:45 #11(CTMKTG1) RUN (SYS)RPG LIC=2010,,10
 9:19:45 #11(CTMKTG1) RUN (SYS)DIRIT LIC=10,,10
 9:19:45 #11(CTMKTG1) PUTLSA (SYS)SYSADM LIC=0,,0
 9:19:46 #11(CTMKTG1) NEXIT (SYS)DIRIT
 9:20:01 #11(CTMKTG1) RUN (SYS)RPG LIC=2010,,10
 9:20:01 #11(CTMKTG1) RUN (SYS)DIRIT LIC=10,,10
 9:20:02 #11(CTMKTG1) PUTLSA (SYS)SYSADM LIC=0,,0
 9:20:02 #11(CTMKTG1) NEXIT (SYS)DIRIT
 9:20:09 #11(CTMKTG1) RUN (SYS)RPG LIC=2010,,10
 9:20:10 #11(CTMKTG1) RUN (SYS)DIRIT LIC=10,,10
 9:20:10 #11(CTMKTG1) PUTLSA (SYS)IMSLAN LIC=0,,0
 9:20:14 #11(CTMKTG1) NEXIT (SYS)DIRIT
 9:20:43 #11(CTMKTG1) RUN (SYS)RPG LIC=2010,,10
 9:20:43 #11(CTMKTG1) RUN (SYS)LISTER LIC=12,,10
 9:25:58 #11(CTMKTG1) NEXIT (SYS)LISTER
 9:26:21 #11(CTMKTG1) RUN (SYS)RPG LIC=2010,,10
 9:26:21 #11(CTMKTG1) RUN (SYS)DIRIT LIC=10,,10
 9:26:21 #11(CTMKTG1) PUTLSA (SYS)IMSLAN LIC=0,,0
 9:26:22 #11(CTMKTG1) NEXIT (SYS)DIRIT
 9:26:54 #11(CTMKTG1) RUN (SYS)RPG LIC=2010,,10
 9:26:54 #11(CTMKTG1) RUN (SYS)LISTER LIC=12,,10
 9:27:33 #11(CTMKTG1) NEXIT (SYS)LISTER
 9:28:03 #11(CTMKTG1) RUN (SYS)RPG LIC=2010,,10
 9:28:03 #11(CTMKTG1) RUN (SYS)LISTER LIC=12,,10
 9:28:03 #11(CTMKTG1) NEXIT (SYS)LISTER
 9:28:24 #11(CTMKTG1) RUN (SYS)RPG LIC=2010,,10
 9:28:25 #11(CTMKTG1) RUN (SYS)DIRIT LIC=10,,10
 9:28:25 #11(CTMKTG1) PUTLSA (SYS)IMSLAN LIC=0,,0
 9:28:25 #11(CTMKTG1) NEXIT (SYS)DIRIT
 9:28:35 #11(CTMKTG1) RUN (SYS)RPG LIC=2010,,10
 9:28:35 #11(CTMKTG1) RUN (SYS)LISTER LIC=12,,10
 9:28:35 #11(CTMKTG1) NEXIT (SYS)LISTER
 9:28:43 #11(CTMKTG1) RUN (SYS)RPG LIC=2010,,10
 9:28:43 #11(CTMKTG1) RUN (SYS)LISTER LIC=12,,10
 9:28:44 #11(CTMKTG1) NEXIT (SYS)LISTER
 9:31:51 #11(CTMKTG1) RUN (SYS)LOGOUT LIC=547010,,10
 9:31:52 #11(CTMKTG1) LOGOUT    :@Pä